0.5 64 0 29 31 44.5 0s
0.5 64 1 29 31 44.5 0s
0.5 64 2 29 25 41.5 1s
0.5 256 0 29 28 43.0 1s
0.5 256 1 29 28 43.0 2s
0.5 256 2 28 24 40.0 5s
0.5 1024 0 26 27 39.5 8s
0.5 1024 1 26 27 39.5 12s
0.5 1024 2 26 27 39.5 23s
0.25 64 0 29 31 44.5 23s
0.25 64 1 29 31 44.5 23s
0.25 64 2 29 25 41.5 24s
0.25 256 0 29 28 43.0 25s
0.25 256 1 29 28 43.0 25s
0.25 256 2 28 24 40.0 28s
0.25 1024 0 26 27 39.5 31s
0.25 1024 1 26 27 39.5 34s
0.25 1024 2 26 27 39.5 45s
0.1 64 0 29 31 44.5 45s
0.1 64 1 29 31 44.5 46s
0.1 64 2 29 25 41.5 46s
0.1 256 0 29 28 43.0 47s
0.1 256 1 29 28 43.0 48s
0.1 256 2 28 24 40.0 51s
0.1 1024 0 26 27 39.5 53s
0.1 1024 1 26 27 39.5 56s
0.1 1024 2 26 27 39.5 68s
0.02 64 0 29 31 44.5 68s
0.02 64 1 29 31 44.5 68s
0.02 64 2 29 25 41.5 69s
0.02 256 0 29 28 43.0 70s
0.02 256 1 29 28 43.0 71s
0.02 256 2 28 24 40.0 74s
0.02 1024 0 26 27 39.5 76s
0.02 1024 1 26 27 39.5 80s
0.02 1024 2 26 27 39.5 91s
Pareto frontier (swaps, depth, score): [(26, 27, 39.5), (28, 24, 40.0)]
