Original circuit:
                                                                      
q_0: ΓöÇΓöÇΓûáΓöÇΓöÇΓöÇΓöÇΓöÇΓöÇΓöÇΓöÇΓöÇΓöÇΓöÇΓöÇΓöÇΓöÇΓûáΓöÇΓöÇΓöÇΓöÇΓöÇΓöÇΓöÇΓöÇΓöÇΓûáΓöÇΓöÇΓöÇΓöÇΓöÇΓöÇΓöÇΓöÇΓöÇΓöÇΓöÇΓöÇΓöÇΓöÇΓûáΓöÇΓöÇΓöÇΓöÇΓûáΓöÇΓöÇΓöÇΓöÇΓöÇΓöÇΓöÇΓöÇΓöÇΓûáΓöÇΓöÇΓöÇΓöÇΓûáΓöÇΓöÇ
     ΓöîΓöÇΓö┤ΓöÇΓöÉ            Γöé         Γöé              Γöé    Γöé         Γöé    Γöé  
q_1: Γöñ X Γö£ΓöÇΓöÇΓûáΓöÇΓöÇΓöÇΓöÇΓöÇΓöÇΓöÇΓöÇΓöÇΓö╝ΓöÇΓöÇΓöÇΓöÇΓûáΓöÇΓöÇΓöÇΓöÇΓö╝ΓöÇΓöÇΓöÇΓöÇΓûáΓöÇΓöÇΓöÇΓöÇΓûáΓöÇΓöÇΓöÇΓöÇΓö╝ΓöÇΓöÇΓöÇΓöÇΓö╝ΓöÇΓöÇΓöÇΓöÇΓöÇΓöÇΓöÇΓöÇΓöÇΓö╝ΓöÇΓöÇΓöÇΓöÇΓö╝ΓöÇΓöÇ
     ΓööΓöÇΓöÇΓöÇΓöÿ  Γöé         Γöé    Γöé    Γöé    Γöé    Γöé    Γöé    Γöé         Γöé    Γöé  
q_2: ΓöÇΓöÇΓûáΓöÇΓöÇΓöÇΓöÇΓö╝ΓöÇΓöÇΓöÇΓöÇΓöÇΓöÇΓöÇΓöÇΓöÇΓö╝ΓöÇΓöÇΓöÇΓöÇΓö╝ΓöÇΓöÇΓöÇΓöÇΓö╝ΓöÇΓöÇΓöÇΓöÇΓö╝ΓöÇΓöÇΓöÇΓöÇΓö╝ΓöÇΓöÇΓöÇΓöÇΓö╝ΓöÇΓöÇΓöÇΓöÇΓö╝ΓöÇΓöÇΓöÇΓöÇΓûáΓöÇΓöÇΓöÇΓöÇΓö╝ΓöÇΓöÇΓöÇΓöÇΓö╝ΓöÇΓöÇ
       Γöé    Γöé         Γöé    Γöé  ΓöîΓöÇΓö┤ΓöÇΓöÉ  Γöé  ΓöîΓöÇΓö┤ΓöÇΓöÉ  Γöé    Γöé    Γöé    Γöé  ΓöîΓöÇΓö┤ΓöÇΓöÉ
q_3: ΓöÇΓöÇΓö╝ΓöÇΓöÇΓöÇΓöÇΓö╝ΓöÇΓöÇΓöÇΓöÇΓöÇΓöÇΓöÇΓöÇΓöÇΓö╝ΓöÇΓöÇΓöÇΓöÇΓö╝ΓöÇΓöÇΓöñ X Γö£ΓöÇΓöÇΓö╝ΓöÇΓöÇΓöñ X Γö£ΓöÇΓöÇΓö╝ΓöÇΓöÇΓöÇΓöÇΓö╝ΓöÇΓöÇΓöÇΓöÇΓö╝ΓöÇΓöÇΓöÇΓöÇΓö╝ΓöÇΓöÇΓöñ X Γö£
     ΓöîΓöÇΓö┤ΓöÇΓöÉ  Γöé         Γöé    Γöé  ΓööΓöÇΓöÇΓöÇΓöÿ  Γöé  ΓööΓöÇΓöÇΓöÇΓöÿ  Γöé    Γöé    Γöé    Γöé  ΓööΓöÇΓöÇΓöÇΓöÿ
q_4: Γöñ X Γö£ΓöÇΓöÇΓö╝ΓöÇΓöÇΓöÇΓöÇΓûáΓöÇΓöÇΓöÇΓöÇΓö╝ΓöÇΓöÇΓöÇΓöÇΓö╝ΓöÇΓöÇΓöÇΓöÇΓöÇΓöÇΓöÇΓöÇΓöÇΓö╝ΓöÇΓöÇΓöÇΓöÇΓöÇΓöÇΓöÇΓöÇΓöÇΓö╝ΓöÇΓöÇΓöÇΓöÇΓö╝ΓöÇΓöÇΓöÇΓöÇΓö╝ΓöÇΓöÇΓöÇΓöÇΓö╝ΓöÇΓöÇΓöÇΓöÇΓöÇΓöÇΓöÇ
     ΓööΓöÇΓöÇΓöÇΓöÿ  Γöé    Γöé    Γöé  ΓöîΓöÇΓö┤ΓöÇΓöÉ     ΓöîΓöÇΓö┤ΓöÇΓöÉ       Γöé    Γöé    Γöé  ΓöîΓöÇΓö┤ΓöÇΓöÉ     
q_5: ΓöÇΓöÇΓûáΓöÇΓöÇΓöÇΓöÇΓö╝ΓöÇΓöÇΓöÇΓöÇΓö╝ΓöÇΓöÇΓöÇΓöÇΓö╝ΓöÇΓöÇΓöñ X Γö£ΓöÇΓöÇΓöÇΓöÇΓöÇΓöñ X Γö£ΓöÇΓöÇΓûáΓöÇΓöÇΓöÇΓöÇΓö╝ΓöÇΓöÇΓöÇΓöÇΓö╝ΓöÇΓöÇΓöÇΓöÇΓö╝ΓöÇΓöÇΓöñ X Γö£ΓöÇΓöÇΓöÇΓöÇΓöÇ
       Γöé  ΓöîΓöÇΓö┤ΓöÇΓöÉ  Γöé  ΓöîΓöÇΓö┤ΓöÇΓöÉΓööΓöÇΓöÇΓöÇΓöÿ     ΓööΓöÇΓöÇΓöÇΓöÿΓöîΓöÇΓö┤ΓöÇΓöÉ  Γöé    Γöé  ΓöîΓöÇΓö┤ΓöÇΓöÉΓööΓöÇΓöÇΓöÇΓöÿ     
q_6: ΓöÇΓöÇΓö╝ΓöÇΓöÇΓöñ X Γö£ΓöÇΓöÇΓö╝ΓöÇΓöÇΓöñ X Γö£ΓöÇΓöÇΓöÇΓöÇΓöÇΓöÇΓöÇΓöÇΓöÇΓöÇΓöÇΓöÇΓöÇΓöÇΓöÇΓöñ X Γö£ΓöÇΓöÇΓö╝ΓöÇΓöÇΓöÇΓöÇΓö╝ΓöÇΓöÇΓöñ X Γö£ΓöÇΓöÇΓöÇΓöÇΓöÇΓöÇΓöÇΓöÇΓöÇΓöÇ
       Γöé  ΓööΓöÇΓöÇΓöÇΓöÿΓöîΓöÇΓö┤ΓöÇΓöÉΓööΓöÇΓöÇΓöÇΓöÿ               ΓööΓöÇΓöÇΓöÇΓöÿΓöîΓöÇΓö┤ΓöÇΓöÉΓöîΓöÇΓö┤ΓöÇΓöÉΓööΓöÇΓöÇΓöÇΓöÿ          
q_7: ΓöÇΓöÇΓö╝ΓöÇΓöÇΓöÇΓöÇΓöÇΓöÇΓöÇΓöñ X Γö£ΓöÇΓöÇΓöÇΓöÇΓöÇΓöÇΓöÇΓöÇΓöÇΓöÇΓöÇΓöÇΓöÇΓöÇΓöÇΓöÇΓöÇΓöÇΓöÇΓöÇΓöÇΓöÇΓöÇΓöÇΓöÇΓöñ X Γö£Γöñ X Γö£ΓöÇΓöÇΓûáΓöÇΓöÇΓöÇΓöÇΓöÇΓöÇΓöÇΓöÇΓöÇΓöÇΓöÇΓöÇ
     ΓöîΓöÇΓö┤ΓöÇΓöÉ     ΓööΓöÇΓöÇΓöÇΓöÿ                         ΓööΓöÇΓöÇΓöÇΓöÿΓööΓöÇΓöÇΓöÇΓöÿ  Γöé            
q_8: Γöñ X Γö£ΓöÇΓöÇΓûáΓöÇΓöÇΓöÇΓöÇΓöÇΓöÇΓöÇΓöÇΓöÇΓöÇΓöÇΓöÇΓöÇΓöÇΓöÇΓöÇΓöÇΓöÇΓöÇΓöÇΓöÇΓöÇΓöÇΓöÇΓöÇΓöÇΓöÇΓöÇΓöÇΓöÇΓöÇΓöÇΓöÇΓöÇΓöÇΓöÇΓöÇΓöÇΓöÇΓöÇΓöÇΓöÇΓöÇΓöÇΓö╝ΓöÇΓöÇΓöÇΓöÇΓöÇΓöÇΓöÇΓöÇΓöÇΓöÇΓöÇΓöÇ
     ΓööΓöÇΓöÇΓöÇΓöÿΓöîΓöÇΓö┤ΓöÇΓöÉ                                        ΓöîΓöÇΓö┤ΓöÇΓöÉ          
q_9: ΓöÇΓöÇΓöÇΓöÇΓöÇΓöñ X Γö£ΓöÇΓöÇΓöÇΓöÇΓöÇΓöÇΓöÇΓöÇΓöÇΓöÇΓöÇΓöÇΓöÇΓöÇΓöÇΓöÇΓöÇΓöÇΓöÇΓöÇΓöÇΓöÇΓöÇΓöÇΓöÇΓöÇΓöÇΓöÇΓöÇΓöÇΓöÇΓöÇΓöÇΓöÇΓöÇΓöÇΓöÇΓöÇΓöÇΓöÇΓöñ X Γö£ΓöÇΓöÇΓöÇΓöÇΓöÇΓöÇΓöÇΓöÇΓöÇΓöÇ
          ΓööΓöÇΓöÇΓöÇΓöÿ                                        ΓööΓöÇΓöÇΓöÇΓöÿ          
Generating twoway SAT encoding, solving with cd19
                                                                      
q_0: ΓöÇΓöÇΓûáΓöÇΓöÇΓöÇΓöÇΓöÇΓöÇΓöÇΓöÇΓöÇΓöÇΓöÇΓöÇΓöÇΓöÇΓûáΓöÇΓöÇΓöÇΓöÇΓöÇΓöÇΓöÇΓöÇΓöÇΓûáΓöÇΓöÇΓöÇΓöÇΓöÇΓöÇΓöÇΓöÇΓöÇΓöÇΓöÇΓöÇΓöÇΓöÇΓûáΓöÇΓöÇΓöÇΓöÇΓûáΓöÇΓöÇΓöÇΓöÇΓöÇΓöÇΓöÇΓöÇΓöÇΓûáΓöÇΓöÇΓöÇΓöÇΓûáΓöÇΓöÇ
     ΓöîΓöÇΓö┤ΓöÇΓöÉ            Γöé         Γöé              Γöé    Γöé         Γöé    Γöé  
q_1: Γöñ X Γö£ΓöÇΓöÇΓûáΓöÇΓöÇΓöÇΓöÇΓöÇΓöÇΓöÇΓöÇΓöÇΓö╝ΓöÇΓöÇΓöÇΓöÇΓûáΓöÇΓöÇΓöÇΓöÇΓö╝ΓöÇΓöÇΓöÇΓöÇΓûáΓöÇΓöÇΓöÇΓöÇΓûáΓöÇΓöÇΓöÇΓöÇΓö╝ΓöÇΓöÇΓöÇΓöÇΓö╝ΓöÇΓöÇΓöÇΓöÇΓöÇΓöÇΓöÇΓöÇΓöÇΓö╝ΓöÇΓöÇΓöÇΓöÇΓö╝ΓöÇΓöÇ
     ΓööΓöÇΓöÇΓöÇΓöÿ  Γöé         Γöé    Γöé    Γöé    Γöé    Γöé    Γöé    Γöé         Γöé    Γöé  
q_2: ΓöÇΓöÇΓûáΓöÇΓöÇΓöÇΓöÇΓö╝ΓöÇΓöÇΓöÇΓöÇΓöÇΓöÇΓöÇΓöÇΓöÇΓö╝ΓöÇΓöÇΓöÇΓöÇΓö╝ΓöÇΓöÇΓöÇΓöÇΓö╝ΓöÇΓöÇΓöÇΓöÇΓö╝ΓöÇΓöÇΓöÇΓöÇΓö╝ΓöÇΓöÇΓöÇΓöÇΓö╝ΓöÇΓöÇΓöÇΓöÇΓö╝ΓöÇΓöÇΓöÇΓöÇΓûáΓöÇΓöÇΓöÇΓöÇΓö╝ΓöÇΓöÇΓöÇΓöÇΓö╝ΓöÇΓöÇ
       Γöé    Γöé         Γöé    Γöé  ΓöîΓöÇΓö┤ΓöÇΓöÉ  Γöé  ΓöîΓöÇΓö┤ΓöÇΓöÉ  Γöé    Γöé    Γöé    Γöé  ΓöîΓöÇΓö┤ΓöÇΓöÉ
q_3: ΓöÇΓöÇΓö╝ΓöÇΓöÇΓöÇΓöÇΓö╝ΓöÇΓöÇΓöÇΓöÇΓöÇΓöÇΓöÇΓöÇΓöÇΓö╝ΓöÇΓöÇΓöÇΓöÇΓö╝ΓöÇΓöÇΓöñ X Γö£ΓöÇΓöÇΓö╝ΓöÇΓöÇΓöñ X Γö£ΓöÇΓöÇΓö╝ΓöÇΓöÇΓöÇΓöÇΓö╝ΓöÇΓöÇΓöÇΓöÇΓö╝ΓöÇΓöÇΓöÇΓöÇΓö╝ΓöÇΓöÇΓöñ X Γö£
     ΓöîΓöÇΓö┤ΓöÇΓöÉ  Γöé         Γöé    Γöé  ΓööΓöÇΓöÇΓöÇΓöÿ  Γöé  ΓööΓöÇΓöÇΓöÇΓöÿ  Γöé    Γöé    Γöé    Γöé  ΓööΓöÇΓöÇΓöÇΓöÿ
q_4: Γöñ X Γö£ΓöÇΓöÇΓö╝ΓöÇΓöÇΓöÇΓöÇΓûáΓöÇΓöÇΓöÇΓöÇΓö╝ΓöÇΓöÇΓöÇΓöÇΓö╝ΓöÇΓöÇΓöÇΓöÇΓöÇΓöÇΓöÇΓöÇΓöÇΓö╝ΓöÇΓöÇΓöÇΓöÇΓöÇΓöÇΓöÇΓöÇΓöÇΓö╝ΓöÇΓöÇΓöÇΓöÇΓö╝ΓöÇΓöÇΓöÇΓöÇΓö╝ΓöÇΓöÇΓöÇΓöÇΓö╝ΓöÇΓöÇΓöÇΓöÇΓöÇΓöÇΓöÇ
     ΓööΓöÇΓöÇΓöÇΓöÿ  Γöé    Γöé    Γöé  ΓöîΓöÇΓö┤ΓöÇΓöÉ     ΓöîΓöÇΓö┤ΓöÇΓöÉ       Γöé    Γöé    Γöé  ΓöîΓöÇΓö┤ΓöÇΓöÉ     
q_5: ΓöÇΓöÇΓûáΓöÇΓöÇΓöÇΓöÇΓö╝ΓöÇΓöÇΓöÇΓöÇΓö╝ΓöÇΓöÇΓöÇΓöÇΓö╝ΓöÇΓöÇΓöñ X Γö£ΓöÇΓöÇΓöÇΓöÇΓöÇΓöñ X Γö£ΓöÇΓöÇΓûáΓöÇΓöÇΓöÇΓöÇΓö╝ΓöÇΓöÇΓöÇΓöÇΓö╝ΓöÇΓöÇΓöÇΓöÇΓö╝ΓöÇΓöÇΓöñ X Γö£ΓöÇΓöÇΓöÇΓöÇΓöÇ
       Γöé  ΓöîΓöÇΓö┤ΓöÇΓöÉ  Γöé  ΓöîΓöÇΓö┤ΓöÇΓöÉΓööΓöÇΓöÇΓöÇΓöÿ     ΓööΓöÇΓöÇΓöÇΓöÿΓöîΓöÇΓö┤ΓöÇΓöÉ  Γöé    Γöé  ΓöîΓöÇΓö┤ΓöÇΓöÉΓööΓöÇΓöÇΓöÇΓöÿ     
q_6: ΓöÇΓöÇΓö╝ΓöÇΓöÇΓöñ X Γö£ΓöÇΓöÇΓö╝ΓöÇΓöÇΓöñ X Γö£ΓöÇΓöÇΓöÇΓöÇΓöÇΓöÇΓöÇΓöÇΓöÇΓöÇΓöÇΓöÇΓöÇΓöÇΓöÇΓöñ X Γö£ΓöÇΓöÇΓö╝ΓöÇΓöÇΓöÇΓöÇΓö╝ΓöÇΓöÇΓöñ X Γö£ΓöÇΓöÇΓöÇΓöÇΓöÇΓöÇΓöÇΓöÇΓöÇΓöÇ
       Γöé  ΓööΓöÇΓöÇΓöÇΓöÿΓöîΓöÇΓö┤ΓöÇΓöÉΓööΓöÇΓöÇΓöÇΓöÿ               ΓööΓöÇΓöÇΓöÇΓöÿΓöîΓöÇΓö┤ΓöÇΓöÉΓöîΓöÇΓö┤ΓöÇΓöÉΓööΓöÇΓöÇΓöÇΓöÿ          
q_7: ΓöÇΓöÇΓö╝ΓöÇΓöÇΓöÇΓöÇΓöÇΓöÇΓöÇΓöñ X Γö£ΓöÇΓöÇΓöÇΓöÇΓöÇΓöÇΓöÇΓöÇΓöÇΓöÇΓöÇΓöÇΓöÇΓöÇΓöÇΓöÇΓöÇΓöÇΓöÇΓöÇΓöÇΓöÇΓöÇΓöÇΓöÇΓöñ X Γö£Γöñ X Γö£ΓöÇΓöÇΓûáΓöÇΓöÇΓöÇΓöÇΓöÇΓöÇΓöÇΓöÇΓöÇΓöÇΓöÇΓöÇ
     ΓöîΓöÇΓö┤ΓöÇΓöÉ     ΓööΓöÇΓöÇΓöÇΓöÿ                         ΓööΓöÇΓöÇΓöÇΓöÿΓööΓöÇΓöÇΓöÇΓöÿ  Γöé            
q_8: Γöñ X Γö£ΓöÇΓöÇΓûáΓöÇΓöÇΓöÇΓöÇΓöÇΓöÇΓöÇΓöÇΓöÇΓöÇΓöÇΓöÇΓöÇΓöÇΓöÇΓöÇΓöÇΓöÇΓöÇΓöÇΓöÇΓöÇΓöÇΓöÇΓöÇΓöÇΓöÇΓöÇΓöÇΓöÇΓöÇΓöÇΓöÇΓöÇΓöÇΓöÇΓöÇΓöÇΓöÇΓöÇΓöÇΓöÇΓöÇΓöÇΓö╝ΓöÇΓöÇΓöÇΓöÇΓöÇΓöÇΓöÇΓöÇΓöÇΓöÇΓöÇΓöÇ
     ΓööΓöÇΓöÇΓöÇΓöÿΓöîΓöÇΓö┤ΓöÇΓöÉ                                        ΓöîΓöÇΓö┤ΓöÇΓöÉ          
q_9: ΓöÇΓöÇΓöÇΓöÇΓöÇΓöñ X Γö£ΓöÇΓöÇΓöÇΓöÇΓöÇΓöÇΓöÇΓöÇΓöÇΓöÇΓöÇΓöÇΓöÇΓöÇΓöÇΓöÇΓöÇΓöÇΓöÇΓöÇΓöÇΓöÇΓöÇΓöÇΓöÇΓöÇΓöÇΓöÇΓöÇΓöÇΓöÇΓöÇΓöÇΓöÇΓöÇΓöÇΓöÇΓöÇΓöÇΓöÇΓöñ X Γö£ΓöÇΓöÇΓöÇΓöÇΓöÇΓöÇΓöÇΓöÇΓöÇΓöÇ
          ΓööΓöÇΓöÇΓöÇΓöÿ                                        ΓööΓöÇΓöÇΓöÇΓöÿ          
platform generated: custom
number of physical qubits:  20
Solving for time step:  0
Finished step 0. Time: 0.0000s. Result: False
Solving for time step:  1
Finished step 1. Time: 0.0469s. Result: False
Solving for time step:  2
Finished step 2. Time: 0.2500s. Result: False
Solving for time step:  3
Finished step 3. Time: 1.2969s. Result: False
Solving for time step:  4
Finished step 4. Time: 9.2656s. Result: False
Solving for time step:  5
Finished step 5. Time: 2.4531s. Result: True
Encoding+Solving time: 13.544473400000243
mapped circuit:
                                                                 
 q_0: ΓöÇΓöÇΓöÇΓöÇΓöÇΓöÇΓöÇΓöÇΓöÇΓöÇΓöÇΓöÇΓöÇΓöÇΓöÇΓöÇΓöÇΓöÇΓöÇΓöÇΓöÇΓöÇΓöÇΓöÇΓöÇΓöÇΓöÇΓöÇΓöÇΓöÇΓöÇΓöÇΓöÇΓöÇΓöÇΓöÇΓöÇΓöÇΓöÇΓöÇΓöÇΓöÇΓöÇΓöÇΓöÇΓöÇΓöÇΓöÇΓöÇΓöÇΓöÇΓöÇΓöÇΓöÇΓöÇΓöÇΓöÇΓöÇΓöÇ
                                                                 
 q_1: ΓöÇΓöÇΓöÇΓöÇΓöÇΓöÇΓöÇΓöÇΓöÇΓöÇΓöÇΓöÇΓöÇΓöÇΓöÇΓöÇΓöÇΓöÇΓöÇΓöÇΓöÇΓöÇΓöÇΓöÇΓöÇΓöÇΓöÇΓöÇΓöÇΓöÇΓöÇΓöÇΓöÇΓöÇΓöÇΓöÇΓöÇΓöÇΓöÇΓöÇΓöÇΓöÇΓöÇΓöÇΓöÇΓöÇΓöÇΓöÇΓöÇΓöÇΓöÇΓöÇΓöÇΓöÇΓöÇΓöÇΓöÇΓöÇΓöÇ
                                                                 
 q_2: ΓöÇΓöÇΓöÇΓöÇΓöÇΓöÇΓöÇΓöÇΓöÇΓöÇΓöÇΓöÇΓöÇΓöÇΓöÇΓöÇΓöÇΓöÇΓöÇΓöÇΓöÇΓöÇΓöÇΓöÇΓöÇΓöÇΓöÇΓöÇΓöÇΓöÇΓöÇΓöÇΓöÇΓöÇΓöÇΓöÇΓöÇΓöÇΓöÇΓöÇΓöÇΓöÇΓöÇΓöÇΓöÇΓöÇΓöÇΓöÇΓöÇΓöÇΓöÇΓöÇΓöÇΓöÇΓöÇΓöÇΓöÇΓöÇΓöÇ
                                                                 
 q_3: ΓöÇΓöÇΓöÇΓöÇΓöÇΓöÇΓöÇΓöÇΓöÇΓöÇΓöÇΓöÇΓöÇΓöÇΓöÇΓöÇΓöÇΓöÇΓöÇΓöÇΓöÇΓöÇΓöÇΓöÇΓöÇΓöÇΓöÇΓöÇΓöÇΓöÇΓöÇΓöÇΓöÇΓöÇΓöÇΓöÇΓöÇΓöÇΓöÇΓöÇΓöÇΓöÇΓöÇΓöÇΓöÇΓöÇΓöÇΓöÇΓöÇΓöÇΓöÇΓöÇΓöÇΓöÇΓöÇΓöÇΓöÇΓöÇΓöÇ
                                                                 
 q_4: ΓöÇΓöÇΓöÇΓöÇΓöÇΓöÇΓöÇΓöÇΓöÇΓöÇΓöÇΓöÇΓöÇΓöÇΓöÇΓöÇΓöÇΓöÇΓöÇΓöÇΓöÇΓöÇΓöÇΓöÇΓöÇΓöÇΓöÇΓöÇΓöÇΓöÇΓöÇΓöÇΓöÇΓöÇΓöÇΓöÇΓöÇΓöÇΓöÇΓöÇΓöÇΓöÇΓöÇΓöÇΓöÇΓöÇΓöÇΓöÇΓöÇΓöÇΓöÇΓöÇΓöÇΓöÇΓöÇΓöÇΓöÇΓöÇΓöÇ
                                                                 
 q_5: ΓöÇΓöÇΓöÇΓöÇΓöÇΓöÇΓöÇΓöÇΓöÇΓöÇΓöÇΓöÇΓöÇΓöÇΓöÇΓöÇΓöÇΓöÇΓöÇΓöÇΓöÇΓöÇΓöÇΓöÇΓöÇΓöÇΓöÇΓöÇΓöÇΓöÇΓöÇΓöÇΓöÇΓöÇΓöÇΓöÇΓöÇΓöÇΓöÇΓöÇΓöÇΓöÇΓöÇΓöÇΓöÇΓöÇΓöÇΓöÇΓöÇΓöÇΓöÇΓöÇΓöÇΓöÇΓöÇΓöÇΓöÇΓöÇΓöÇ
                                                                 
 q_6: ΓöÇΓöÇΓöÇΓöÇΓöÇΓöÇΓöÇΓöÇΓöÇΓöÇΓöÇΓöÇΓöÇΓöÇΓöÇΓöÇΓöÇΓöÇΓöÇΓöÇΓöÇΓöÇΓöÇΓöÇΓöÇΓöÇΓöÇΓöÇΓöÇΓöÇΓöÇΓöÇΓöÇΓöÇΓöÇΓöÇΓöÇΓöÇΓöÇΓöÇΓöÇΓöÇΓöÇΓöÇΓöÇΓöÇΓöÇΓöÇΓöÇΓöÇΓöÇΓöÇΓöÇΓöÇΓöÇΓöÇΓöÇΓöÇΓöÇ
                                                                 
 q_7: ΓöÇΓöÇΓöÇΓöÇΓöÇΓöÇΓöÇΓöÇΓöÇΓöÇΓöÇΓöÇΓöÇΓöÇΓöÇΓöÇΓöÇΓöÇΓöÇΓöÇΓöÇΓöÇΓöÇΓöÇΓöÇΓöÇΓöÇΓöÇΓöÇΓöÇΓöÇΓöÇΓöÇΓöÇΓöÇΓöÇΓöÇΓöÇΓöÇΓöÇΓöÇΓöÇΓöÇΓöÇΓöÇΓöÇΓöÇΓöÇΓöÇΓöÇΓöÇΓöÇΓöÇΓöÇΓöÇΓöÇΓöÇΓöÇΓöÇ
           ΓöîΓöÇΓöÇΓöÇΓöÉ        ΓöîΓöÇΓöÇΓöÇΓöÉ           ΓöîΓöÇΓöÇΓöÇΓöÉΓöîΓöÇΓöÇΓöÇΓöÉ               
 q_8: ΓöÇΓöÇΓöÇΓöÇΓöÇΓöñ X Γö£ΓöÇΓöÇΓöÇΓöÇΓöÇΓöÇΓöÇΓöÇΓöñ X Γö£ΓöÇΓöÇΓöÇΓöÇΓöÇΓöÇΓöÇΓöÇΓöÇΓöÇΓöÇΓöñ X Γö£Γöñ X Γö£ΓöÇΓöÇΓöÇΓöÇΓöÇΓöÇΓöÇΓöÇΓöÇΓöÇΓöÇΓöÇΓöÇΓöÇΓöÇ
           ΓööΓöÇΓö¼ΓöÇΓöÿ        ΓööΓöÇΓö¼ΓöÇΓöÿ           ΓööΓöÇΓö¼ΓöÇΓöÿΓööΓöÇΓö¼ΓöÇΓöÿ               
 q_9: ΓöÇΓöÇΓûáΓöÇΓöÇΓöÇΓöÇΓö╝ΓöÇΓöÇΓöÇΓöÇΓöÇΓöÇΓöÇΓöÇΓöÇΓöÇΓöÇΓöÇΓö╝ΓöÇΓöÇΓöÇΓöÇΓöÇΓöÇΓöÇΓöÇΓöÇΓöÇΓöÇΓöÇΓöÇΓöÇΓöÇΓö╝ΓöÇΓöÇΓöÇΓöÇΓûáΓöÇΓöÇΓöÇΓöÇΓöÇΓöÇΓöÇΓöÇΓöÇΓöÇΓöÇΓöÇΓöÇΓöÇΓöÇΓöÇΓöÇ
      ΓöîΓöÇΓö┤ΓöÇΓöÉ  Γöé            Γöé               Γöé                      
q_10: Γöñ X Γö£ΓöÇΓöÇΓö╝ΓöÇΓöÇΓöÇΓöÇΓûáΓöÇΓöÇΓöÇΓöÇΓöÇΓöÇΓöÇΓö╝ΓöÇΓöÇΓöÇΓöÇΓöÇΓöÇΓöÇΓöÇΓöÇΓöÇΓöÇΓöÇΓöÇΓöÇΓöÇΓö╝ΓöÇΓöÇΓöÇΓöÇΓöÇΓöÇΓöÇΓöÇΓöÇΓöÇΓöÇΓöÇΓöÇΓöÇΓöÇΓöÇΓöÇΓöÇΓöÇΓöÇΓöÇΓöÇ
      ΓööΓöÇΓöÇΓöÇΓöÿ  Γöé    Γöé       Γöé               Γöé                      
q_11: ΓöÇΓöÇΓöÇΓöÇΓöÇΓöÇΓöÇΓö╝ΓöÇΓöÇΓöÇΓöÇΓö╝ΓöÇΓöÇΓöÇΓöÇΓöÇΓöÇΓöÇΓö╝ΓöÇΓöÇΓöÇΓöÇΓöÇΓöÇΓöÇΓöÇΓöÇΓöÇΓöÇΓöÇΓöÇΓöÇΓöÇΓö╝ΓöÇΓöÇΓöÇΓöÇΓöÇΓöÇΓöÇΓöÇΓöÇΓöÇΓöÇΓöÇΓöÇΓöÇΓöÇΓöÇΓöÇΓöÇΓöÇΓöÇΓöÇΓöÇ
      ΓöîΓöÇΓöÇΓöÇΓöÉ  Γöé    Γöé       Γöé               Γöé            ΓöîΓöÇΓöÇΓöÇΓöÉ     
q_12: Γöñ X Γö£ΓöÇΓöÇΓûáΓöÇΓöÇΓöÇΓöÇΓö╝ΓöÇΓöÇΓöÇXΓöÇΓöÇΓöÇΓûáΓöÇΓöÇΓöÇΓöÇΓöÇΓöÇΓöÇΓöÇΓöÇΓöÇΓöÇXΓöÇΓöÇΓöÇΓûáΓöÇΓöÇΓöÇΓöÇΓöÇΓöÇΓöÇΓöÇΓöÇΓöÇΓöÇΓöÇΓöñ X Γö£ΓöÇΓöÇΓöÇΓöÇΓöÇ
      ΓööΓöÇΓö¼ΓöÇΓöÿ       Γöé   Γöé               Γöé                ΓööΓöÇΓö¼ΓöÇΓöÿ     
q_13: ΓöÇΓöÇΓûáΓöÇΓöÇΓöÇΓöÇΓöÇΓöÇΓöÇΓöÇΓöÇΓö╝ΓöÇΓöÇΓöÇXΓöÇΓöÇΓöÇΓûáΓöÇΓöÇΓöÇΓöÇΓûáΓöÇΓöÇΓöÇXΓöÇΓöÇXΓöÇΓöÇΓöÇΓûáΓöÇΓöÇΓöÇΓöÇΓûáΓöÇΓöÇΓöÇΓöÇΓûáΓöÇΓöÇΓöÇΓöÇΓûáΓöÇΓöÇΓöÇΓöÇΓûáΓöÇΓöÇ
                ΓöîΓöÇΓö┤ΓöÇΓöÉ     Γöé    Γöé   Γöé      Γöé  ΓöîΓöÇΓö┤ΓöÇΓöÉΓöîΓöÇΓö┤ΓöÇΓöÉ       Γöé  
q_14: ΓöÇΓöÇΓöÇΓöÇΓöÇΓöÇΓöÇΓöÇΓöÇΓöÇΓöñ X Γö£ΓöÇΓöÇΓöÇΓöÇΓöÇΓö╝ΓöÇΓöÇΓöÇΓöÇΓö╝ΓöÇΓöÇΓöÇΓö╝ΓöÇΓöÇΓöÇΓöÇΓöÇΓöÇΓö╝ΓöÇΓöÇΓöñ X Γö£Γöñ X Γö£ΓöÇΓöÇΓûáΓöÇΓöÇΓöÇΓöÇΓö╝ΓöÇΓöÇ
                Γö£ΓöÇΓöÇΓöÇΓöñ     Γöé    Γöé   Γöé      Γöé  ΓööΓöÇΓöÇΓöÇΓöÿΓööΓöÇΓöÇΓöÇΓöÿΓöîΓöÇΓö┤ΓöÇΓöÉ  Γöé  
q_15: ΓöÇΓöÇΓöÇΓöÇΓöÇΓöÇΓöÇΓöÇΓöÇΓöÇΓöñ X Γö£ΓöÇΓöÇΓöÇΓöÇΓöÇΓö╝ΓöÇΓöÇΓöÇΓöÇΓö╝ΓöÇΓöÇΓöÇΓö╝ΓöÇΓöÇΓöÇΓöÇΓöÇΓöÇΓö╝ΓöÇΓöÇΓöÇΓöÇΓöÇΓöÇΓöÇΓöÇΓöÇΓöÇΓöÇΓöÇΓöñ X Γö£ΓöÇΓöÇΓö╝ΓöÇΓöÇ
                ΓööΓöÇΓö¼ΓöÇΓöÿ     Γöé    Γöé   Γöé      Γöé            ΓööΓöÇΓöÇΓöÇΓöÿ  Γöé  
q_16: ΓöÇΓöÇΓöÇΓöÇΓöÇΓöÇΓöÇΓöÇΓöÇΓöÇΓöÇΓöÇΓö╝ΓöÇΓöÇΓöÇΓöÇΓöÇΓöÇΓöÇΓö╝ΓöÇΓöÇΓöÇΓöÇΓö╝ΓöÇΓöÇΓöÇΓö╝ΓöÇΓöÇΓöÇΓöÇΓöÇΓöÇΓö╝ΓöÇΓöÇΓöÇΓöÇΓöÇΓöÇΓöÇΓöÇΓöÇΓöÇΓöÇΓöÇΓöÇΓöÇΓöÇΓöÇΓöÇΓöÇΓöÇΓö╝ΓöÇΓöÇ
                  Γöé     ΓöîΓöÇΓö┤ΓöÇΓöÉΓöîΓöÇΓö┤ΓöÇΓöÉ Γöé    ΓöîΓöÇΓö┤ΓöÇΓöÉΓöîΓöÇΓöÇΓöÇΓöÉ          ΓöîΓöÇΓö┤ΓöÇΓöÉ
q_17: ΓöÇΓöÇΓûáΓöÇΓöÇΓöÇΓöÇΓöÇΓöÇΓöÇΓöÇΓöÇΓö╝ΓöÇΓöÇΓöÇΓöÇΓöÇΓöñ X Γö£Γöñ X Γö£ΓöÇXΓöÇΓöÇXΓöÇΓöñ X Γö£Γöñ X Γö£ΓöÇΓöÇΓöÇΓöÇΓöÇΓöÇΓöÇΓöÇΓöÇΓöÇΓöñ X Γö£
      ΓöîΓöÇΓö┤ΓöÇΓöÉ       Γöé     ΓööΓöÇΓöÇΓöÇΓöÿΓööΓöÇΓöÇΓöÇΓöÿ    Γöé ΓööΓöÇΓöÇΓöÇΓöÿΓööΓöÇΓö¼ΓöÇΓöÿ          ΓööΓöÇΓöÇΓöÇΓöÿ
q_18: Γöñ X Γö£ΓöÇΓöÇXΓöÇΓöÇΓöÇΓöÇΓö╝ΓöÇΓöÇΓöÇΓöÇΓöÇΓöÇΓöÇΓöÇΓöÇΓöÇΓöÇΓöÇΓöÇΓöÇΓöÇΓöÇΓöÇΓöÇΓöÇXΓöÇΓöÇΓöÇΓöÇΓöÇΓöÇΓöÇΓöÇΓûáΓöÇΓöÇΓöÇΓöÇΓöÇΓöÇΓöÇΓöÇΓöÇΓöÇΓöÇΓöÇΓöÇΓöÇΓöÇΓöÇΓöÇ
      ΓööΓöÇΓöÇΓöÇΓöÿ  Γöé    Γöé                                              
q_19: ΓöÇΓöÇΓöÇΓöÇΓöÇΓöÇΓöÇXΓöÇΓöÇΓöÇΓöÇΓûáΓöÇΓöÇΓöÇΓöÇΓöÇΓöÇΓöÇΓöÇΓöÇΓöÇΓöÇΓöÇΓöÇΓöÇΓöÇΓöÇΓöÇΓöÇΓöÇΓöÇΓöÇΓöÇΓöÇΓöÇΓöÇΓöÇΓöÇΓöÇΓöÇΓöÇΓöÇΓöÇΓöÇΓöÇΓöÇΓöÇΓöÇΓöÇΓöÇΓöÇΓöÇΓöÇΓöÇΓöÇΓöÇΓöÇ
                                                                 
c: 20/ΓòÉΓòÉΓòÉΓòÉΓòÉΓòÉΓòÉΓòÉΓòÉΓòÉΓòÉΓòÉΓòÉΓòÉΓòÉΓòÉΓòÉΓòÉΓòÉΓòÉΓòÉΓòÉΓòÉΓòÉΓòÉΓòÉΓòÉΓòÉΓòÉΓòÉΓòÉΓòÉΓòÉΓòÉΓòÉΓòÉΓòÉΓòÉΓòÉΓòÉΓòÉΓòÉΓòÉΓòÉΓòÉΓòÉΓòÉΓòÉΓòÉΓòÉΓòÉΓòÉΓòÉΓòÉΓòÉΓòÉΓòÉΓòÉΓòÉ
                                                                 
Number of additional swaps: 5  
Extraction time: 0.004047800000080315
Finish time: 2026-09-25 10:03:41.637817
Optimization complete.
Optimized circuit:
                                                                 
 q_0: ΓöÇΓöÇΓöÇΓöÇΓöÇΓöÇΓöÇΓöÇΓöÇΓöÇΓöÇΓöÇΓöÇΓöÇΓöÇΓöÇΓöÇΓöÇΓöÇΓöÇΓöÇΓöÇΓöÇΓöÇΓöÇΓöÇΓöÇΓöÇΓöÇΓöÇΓöÇΓöÇΓöÇΓöÇΓöÇΓöÇΓöÇΓöÇΓöÇΓöÇΓöÇΓöÇΓöÇΓöÇΓöÇΓöÇΓöÇΓöÇΓöÇΓöÇΓöÇΓöÇΓöÇΓöÇΓöÇΓöÇΓöÇΓöÇΓöÇ
                                                                 
 q_1: ΓöÇΓöÇΓöÇΓöÇΓöÇΓöÇΓöÇΓöÇΓöÇΓöÇΓöÇΓöÇΓöÇΓöÇΓöÇΓöÇΓöÇΓöÇΓöÇΓöÇΓöÇΓöÇΓöÇΓöÇΓöÇΓöÇΓöÇΓöÇΓöÇΓöÇΓöÇΓöÇΓöÇΓöÇΓöÇΓöÇΓöÇΓöÇΓöÇΓöÇΓöÇΓöÇΓöÇΓöÇΓöÇΓöÇΓöÇΓöÇΓöÇΓöÇΓöÇΓöÇΓöÇΓöÇΓöÇΓöÇΓöÇΓöÇΓöÇ
                                                                 
 q_2: ΓöÇΓöÇΓöÇΓöÇΓöÇΓöÇΓöÇΓöÇΓöÇΓöÇΓöÇΓöÇΓöÇΓöÇΓöÇΓöÇΓöÇΓöÇΓöÇΓöÇΓöÇΓöÇΓöÇΓöÇΓöÇΓöÇΓöÇΓöÇΓöÇΓöÇΓöÇΓöÇΓöÇΓöÇΓöÇΓöÇΓöÇΓöÇΓöÇΓöÇΓöÇΓöÇΓöÇΓöÇΓöÇΓöÇΓöÇΓöÇΓöÇΓöÇΓöÇΓöÇΓöÇΓöÇΓöÇΓöÇΓöÇΓöÇΓöÇ
                                                                 
 q_3: ΓöÇΓöÇΓöÇΓöÇΓöÇΓöÇΓöÇΓöÇΓöÇΓöÇΓöÇΓöÇΓöÇΓöÇΓöÇΓöÇΓöÇΓöÇΓöÇΓöÇΓöÇΓöÇΓöÇΓöÇΓöÇΓöÇΓöÇΓöÇΓöÇΓöÇΓöÇΓöÇΓöÇΓöÇΓöÇΓöÇΓöÇΓöÇΓöÇΓöÇΓöÇΓöÇΓöÇΓöÇΓöÇΓöÇΓöÇΓöÇΓöÇΓöÇΓöÇΓöÇΓöÇΓöÇΓöÇΓöÇΓöÇΓöÇΓöÇ
                                                                 
 q_4: ΓöÇΓöÇΓöÇΓöÇΓöÇΓöÇΓöÇΓöÇΓöÇΓöÇΓöÇΓöÇΓöÇΓöÇΓöÇΓöÇΓöÇΓöÇΓöÇΓöÇΓöÇΓöÇΓöÇΓöÇΓöÇΓöÇΓöÇΓöÇΓöÇΓöÇΓöÇΓöÇΓöÇΓöÇΓöÇΓöÇΓöÇΓöÇΓöÇΓöÇΓöÇΓöÇΓöÇΓöÇΓöÇΓöÇΓöÇΓöÇΓöÇΓöÇΓöÇΓöÇΓöÇΓöÇΓöÇΓöÇΓöÇΓöÇΓöÇ
                                                                 
 q_5: ΓöÇΓöÇΓöÇΓöÇΓöÇΓöÇΓöÇΓöÇΓöÇΓöÇΓöÇΓöÇΓöÇΓöÇΓöÇΓöÇΓöÇΓöÇΓöÇΓöÇΓöÇΓöÇΓöÇΓöÇΓöÇΓöÇΓöÇΓöÇΓöÇΓöÇΓöÇΓöÇΓöÇΓöÇΓöÇΓöÇΓöÇΓöÇΓöÇΓöÇΓöÇΓöÇΓöÇΓöÇΓöÇΓöÇΓöÇΓöÇΓöÇΓöÇΓöÇΓöÇΓöÇΓöÇΓöÇΓöÇΓöÇΓöÇΓöÇ
                                                                 
 q_6: ΓöÇΓöÇΓöÇΓöÇΓöÇΓöÇΓöÇΓöÇΓöÇΓöÇΓöÇΓöÇΓöÇΓöÇΓöÇΓöÇΓöÇΓöÇΓöÇΓöÇΓöÇΓöÇΓöÇΓöÇΓöÇΓöÇΓöÇΓöÇΓöÇΓöÇΓöÇΓöÇΓöÇΓöÇΓöÇΓöÇΓöÇΓöÇΓöÇΓöÇΓöÇΓöÇΓöÇΓöÇΓöÇΓöÇΓöÇΓöÇΓöÇΓöÇΓöÇΓöÇΓöÇΓöÇΓöÇΓöÇΓöÇΓöÇΓöÇ
                                                                 
 q_7: ΓöÇΓöÇΓöÇΓöÇΓöÇΓöÇΓöÇΓöÇΓöÇΓöÇΓöÇΓöÇΓöÇΓöÇΓöÇΓöÇΓöÇΓöÇΓöÇΓöÇΓöÇΓöÇΓöÇΓöÇΓöÇΓöÇΓöÇΓöÇΓöÇΓöÇΓöÇΓöÇΓöÇΓöÇΓöÇΓöÇΓöÇΓöÇΓöÇΓöÇΓöÇΓöÇΓöÇΓöÇΓöÇΓöÇΓöÇΓöÇΓöÇΓöÇΓöÇΓöÇΓöÇΓöÇΓöÇΓöÇΓöÇΓöÇΓöÇ
           ΓöîΓöÇΓöÇΓöÇΓöÉ        ΓöîΓöÇΓöÇΓöÇΓöÉ           ΓöîΓöÇΓöÇΓöÇΓöÉΓöîΓöÇΓöÇΓöÇΓöÉ               
 q_8: ΓöÇΓöÇΓöÇΓöÇΓöÇΓöñ X Γö£ΓöÇΓöÇΓöÇΓöÇΓöÇΓöÇΓöÇΓöÇΓöñ X Γö£ΓöÇΓöÇΓöÇΓöÇΓöÇΓöÇΓöÇΓöÇΓöÇΓöÇΓöÇΓöñ X Γö£Γöñ X Γö£ΓöÇΓöÇΓöÇΓöÇΓöÇΓöÇΓöÇΓöÇΓöÇΓöÇΓöÇΓöÇΓöÇΓöÇΓöÇ
           ΓööΓöÇΓö¼ΓöÇΓöÿ        ΓööΓöÇΓö¼ΓöÇΓöÿ           ΓööΓöÇΓö¼ΓöÇΓöÿΓööΓöÇΓö¼ΓöÇΓöÿ               
 q_9: ΓöÇΓöÇΓûáΓöÇΓöÇΓöÇΓöÇΓö╝ΓöÇΓöÇΓöÇΓöÇΓöÇΓöÇΓöÇΓöÇΓöÇΓöÇΓöÇΓöÇΓö╝ΓöÇΓöÇΓöÇΓöÇΓöÇΓöÇΓöÇΓöÇΓöÇΓöÇΓöÇΓöÇΓöÇΓöÇΓöÇΓö╝ΓöÇΓöÇΓöÇΓöÇΓûáΓöÇΓöÇΓöÇΓöÇΓöÇΓöÇΓöÇΓöÇΓöÇΓöÇΓöÇΓöÇΓöÇΓöÇΓöÇΓöÇΓöÇ
      ΓöîΓöÇΓö┤ΓöÇΓöÉ  Γöé            Γöé               Γöé                      
q_10: Γöñ X Γö£ΓöÇΓöÇΓö╝ΓöÇΓöÇΓöÇΓöÇΓûáΓöÇΓöÇΓöÇΓöÇΓöÇΓöÇΓöÇΓö╝ΓöÇΓöÇΓöÇΓöÇΓöÇΓöÇΓöÇΓöÇΓöÇΓöÇΓöÇΓöÇΓöÇΓöÇΓöÇΓö╝ΓöÇΓöÇΓöÇΓöÇΓöÇΓöÇΓöÇΓöÇΓöÇΓöÇΓöÇΓöÇΓöÇΓöÇΓöÇΓöÇΓöÇΓöÇΓöÇΓöÇΓöÇΓöÇ
      ΓööΓöÇΓöÇΓöÇΓöÿ  Γöé    Γöé       Γöé               Γöé                      
q_11: ΓöÇΓöÇΓöÇΓöÇΓöÇΓöÇΓöÇΓö╝ΓöÇΓöÇΓöÇΓöÇΓö╝ΓöÇΓöÇΓöÇΓöÇΓöÇΓöÇΓöÇΓö╝ΓöÇΓöÇΓöÇΓöÇΓöÇΓöÇΓöÇΓöÇΓöÇΓöÇΓöÇΓöÇΓöÇΓöÇΓöÇΓö╝ΓöÇΓöÇΓöÇΓöÇΓöÇΓöÇΓöÇΓöÇΓöÇΓöÇΓöÇΓöÇΓöÇΓöÇΓöÇΓöÇΓöÇΓöÇΓöÇΓöÇΓöÇΓöÇ
      ΓöîΓöÇΓöÇΓöÇΓöÉ  Γöé    Γöé       Γöé               Γöé            ΓöîΓöÇΓöÇΓöÇΓöÉ     
q_12: Γöñ X Γö£ΓöÇΓöÇΓûáΓöÇΓöÇΓöÇΓöÇΓö╝ΓöÇΓöÇΓöÇXΓöÇΓöÇΓöÇΓûáΓöÇΓöÇΓöÇΓöÇΓöÇΓöÇΓöÇΓöÇΓöÇΓöÇΓöÇXΓöÇΓöÇΓöÇΓûáΓöÇΓöÇΓöÇΓöÇΓöÇΓöÇΓöÇΓöÇΓöÇΓöÇΓöÇΓöÇΓöñ X Γö£ΓöÇΓöÇΓöÇΓöÇΓöÇ
      ΓööΓöÇΓö¼ΓöÇΓöÿ       Γöé   Γöé               Γöé                ΓööΓöÇΓö¼ΓöÇΓöÿ     
q_13: ΓöÇΓöÇΓûáΓöÇΓöÇΓöÇΓöÇΓöÇΓöÇΓöÇΓöÇΓöÇΓö╝ΓöÇΓöÇΓöÇXΓöÇΓöÇΓöÇΓûáΓöÇΓöÇΓöÇΓöÇΓûáΓöÇΓöÇΓöÇXΓöÇΓöÇXΓöÇΓöÇΓöÇΓûáΓöÇΓöÇΓöÇΓöÇΓûáΓöÇΓöÇΓöÇΓöÇΓûáΓöÇΓöÇΓöÇΓöÇΓûáΓöÇΓöÇΓöÇΓöÇΓûáΓöÇΓöÇ
                ΓöîΓöÇΓö┤ΓöÇΓöÉ     Γöé    Γöé   Γöé      Γöé  ΓöîΓöÇΓö┤ΓöÇΓöÉΓöîΓöÇΓö┤ΓöÇΓöÉ       Γöé  
q_14: ΓöÇΓöÇΓöÇΓöÇΓöÇΓöÇΓöÇΓöÇΓöÇΓöÇΓöñ X Γö£ΓöÇΓöÇΓöÇΓöÇΓöÇΓö╝ΓöÇΓöÇΓöÇΓöÇΓö╝ΓöÇΓöÇΓöÇΓö╝ΓöÇΓöÇΓöÇΓöÇΓöÇΓöÇΓö╝ΓöÇΓöÇΓöñ X Γö£Γöñ X Γö£ΓöÇΓöÇΓûáΓöÇΓöÇΓöÇΓöÇΓö╝ΓöÇΓöÇ
                Γö£ΓöÇΓöÇΓöÇΓöñ     Γöé    Γöé   Γöé      Γöé  ΓööΓöÇΓöÇΓöÇΓöÿΓööΓöÇΓöÇΓöÇΓöÿΓöîΓöÇΓö┤ΓöÇΓöÉ  Γöé  
q_15: ΓöÇΓöÇΓöÇΓöÇΓöÇΓöÇΓöÇΓöÇΓöÇΓöÇΓöñ X Γö£ΓöÇΓöÇΓöÇΓöÇΓöÇΓö╝ΓöÇΓöÇΓöÇΓöÇΓö╝ΓöÇΓöÇΓöÇΓö╝ΓöÇΓöÇΓöÇΓöÇΓöÇΓöÇΓö╝ΓöÇΓöÇΓöÇΓöÇΓöÇΓöÇΓöÇΓöÇΓöÇΓöÇΓöÇΓöÇΓöñ X Γö£ΓöÇΓöÇΓö╝ΓöÇΓöÇ
                ΓööΓöÇΓö¼ΓöÇΓöÿ     Γöé    Γöé   Γöé      Γöé            ΓööΓöÇΓöÇΓöÇΓöÿ  Γöé  
q_16: ΓöÇΓöÇΓöÇΓöÇΓöÇΓöÇΓöÇΓöÇΓöÇΓöÇΓöÇΓöÇΓö╝ΓöÇΓöÇΓöÇΓöÇΓöÇΓöÇΓöÇΓö╝ΓöÇΓöÇΓöÇΓöÇΓö╝ΓöÇΓöÇΓöÇΓö╝ΓöÇΓöÇΓöÇΓöÇΓöÇΓöÇΓö╝ΓöÇΓöÇΓöÇΓöÇΓöÇΓöÇΓöÇΓöÇΓöÇΓöÇΓöÇΓöÇΓöÇΓöÇΓöÇΓöÇΓöÇΓöÇΓöÇΓö╝ΓöÇΓöÇ
                  Γöé     ΓöîΓöÇΓö┤ΓöÇΓöÉΓöîΓöÇΓö┤ΓöÇΓöÉ Γöé    ΓöîΓöÇΓö┤ΓöÇΓöÉΓöîΓöÇΓöÇΓöÇΓöÉ          ΓöîΓöÇΓö┤ΓöÇΓöÉ
q_17: ΓöÇΓöÇΓûáΓöÇΓöÇΓöÇΓöÇΓöÇΓöÇΓöÇΓöÇΓöÇΓö╝ΓöÇΓöÇΓöÇΓöÇΓöÇΓöñ X Γö£Γöñ X Γö£ΓöÇXΓöÇΓöÇXΓöÇΓöñ X Γö£Γöñ X Γö£ΓöÇΓöÇΓöÇΓöÇΓöÇΓöÇΓöÇΓöÇΓöÇΓöÇΓöñ X Γö£
      ΓöîΓöÇΓö┤ΓöÇΓöÉ       Γöé     ΓööΓöÇΓöÇΓöÇΓöÿΓööΓöÇΓöÇΓöÇΓöÿ    Γöé ΓööΓöÇΓöÇΓöÇΓöÿΓööΓöÇΓö¼ΓöÇΓöÿ          ΓööΓöÇΓöÇΓöÇΓöÿ
q_18: Γöñ X Γö£ΓöÇΓöÇXΓöÇΓöÇΓöÇΓöÇΓö╝ΓöÇΓöÇΓöÇΓöÇΓöÇΓöÇΓöÇΓöÇΓöÇΓöÇΓöÇΓöÇΓöÇΓöÇΓöÇΓöÇΓöÇΓöÇΓöÇXΓöÇΓöÇΓöÇΓöÇΓöÇΓöÇΓöÇΓöÇΓûáΓöÇΓöÇΓöÇΓöÇΓöÇΓöÇΓöÇΓöÇΓöÇΓöÇΓöÇΓöÇΓöÇΓöÇΓöÇΓöÇΓöÇ
      ΓööΓöÇΓöÇΓöÇΓöÿ  Γöé    Γöé                                              
q_19: ΓöÇΓöÇΓöÇΓöÇΓöÇΓöÇΓöÇXΓöÇΓöÇΓöÇΓöÇΓûáΓöÇΓöÇΓöÇΓöÇΓöÇΓöÇΓöÇΓöÇΓöÇΓöÇΓöÇΓöÇΓöÇΓöÇΓöÇΓöÇΓöÇΓöÇΓöÇΓöÇΓöÇΓöÇΓöÇΓöÇΓöÇΓöÇΓöÇΓöÇΓöÇΓöÇΓöÇΓöÇΓöÇΓöÇΓöÇΓöÇΓöÇΓöÇΓöÇΓöÇΓöÇΓöÇΓöÇΓöÇΓöÇΓöÇ
                                                                 
c: 20/ΓòÉΓòÉΓòÉΓòÉΓòÉΓòÉΓòÉΓòÉΓòÉΓòÉΓòÉΓòÉΓòÉΓòÉΓòÉΓòÉΓòÉΓòÉΓòÉΓòÉΓòÉΓòÉΓòÉΓòÉΓòÉΓòÉΓòÉΓòÉΓòÉΓòÉΓòÉΓòÉΓòÉΓòÉΓòÉΓòÉΓòÉΓòÉΓòÉΓòÉΓòÉΓòÉΓòÉΓòÉΓòÉΓòÉΓòÉΓòÉΓòÉΓòÉΓòÉΓòÉΓòÉΓòÉΓòÉΓòÉΓòÉΓòÉΓòÉ
                                                                 
Final mapping:
{0: 13, 1: 18, 2: 9, 3: 17, 4: 10, 5: 12, 6: 8, 7: 14, 8: 19, 9: 15}
Change in circuit stats:
1q-count        : 0 -> 0
cx-depth (s=3cx): 8 -> 18
cx-count (s=3cx): 18 -> 33
{
 "benchmark": "qaoa_random",
 "elapsed": 13.6,
 "timeout": 600.0,
 "attrs": [
  "circuit",
  "final_mapping",
  "from_json",
  "initial_mapping",
  "no_plan_found",
  "timed_out",
  "to_json"
 ],
 "mapped_count_ops": {
  "cx": 18,
  "swap": 5
 },
 "input_cx": 18,
 "dag_optimal_swaps": 5,
 "final_mapping": {
  "0": 13,
  "1": 18,
  "2": 9,
  "3": 17,
  "4": 10,
  "5": 12,
  "6": 8,
  "7": 14,
  "8": 19,
  "9": 15
 },
 "initial_mapping": {
  "0": 13,
  "1": 12,
  "2": 9,
  "3": 19,
  "4": 10,
  "5": 17,
  "6": 8,
  "7": 14,
  "8": 18,
  "9": 15
 },
 "no_plan_found": false,
 "timed_out": false
}
