Original circuit:
                                                                            ┬╗
 q_0: ΓöÇΓöÇΓöÇΓöÇΓöÇΓöÇΓöÇΓûáΓöÇΓöÇΓöÇΓöÇΓöÇΓöÇΓöÇΓöÇΓöÇΓöÇΓöÇΓöÇΓöÇΓöÇΓöÇΓöÇΓöÇΓöÇΓöÇΓöÇΓöÇΓöÇΓöÇΓöÇΓöÇΓöÇΓöÇΓöÇΓöÇΓöÇΓöÇΓöÇΓöÇΓöÇΓûáΓöÇΓöÇΓöÇΓöÇΓöÇΓöÇΓöÇΓöÇΓöÇΓöÇΓöÇΓöÇΓöÇΓöÇΓöÇΓöÇΓöÇΓöÇΓöÇΓöÇΓöÇΓöÇΓöÇΓöÇΓöÇΓöÇΓöÇ┬╗
             Γöé                                  Γöé                           ┬╗
 q_1: ΓöÇΓöÇΓöÇΓöÇΓöÇΓöÇΓöÇΓö╝ΓöÇΓöÇΓöÇΓöÇΓöÇΓöÇΓöÇΓöÇΓöÇΓöÇΓöÇΓöÇΓöÇΓöÇΓûáΓöÇΓöÇΓöÇΓöÇΓöÇΓöÇΓöÇΓöÇΓöÇΓöÇΓöÇΓöÇΓöÇΓöÇΓöÇΓöÇΓöÇΓöÇΓöÇΓö╝ΓöÇΓöÇΓöÇΓöÇΓöÇΓöÇΓöÇΓöÇΓöÇΓöÇΓöÇΓöÇΓöÇΓöÇΓöÇΓöÇΓöÇΓöÇΓöÇΓöÇΓöÇΓöÇΓöÇΓöÇΓûáΓöÇΓöÇ┬╗
             Γöé              Γöé                 ΓöîΓöÇΓö┤ΓöÇΓöÉ                      Γöé  ┬╗
 q_2: ΓöÇΓöÇΓöÇΓöÇΓöÇΓöÇΓöÇΓö╝ΓöÇΓöÇΓöÇΓöÇΓöÇΓöÇΓöÇΓöÇΓöÇΓûáΓöÇΓöÇΓöÇΓöÇΓö╝ΓöÇΓöÇΓöÇΓöÇΓöÇΓöÇΓöÇΓöÇΓöÇΓöÇΓöÇΓöÇΓöÇΓöÇΓûáΓöÇΓöÇΓöñ X Γö£ΓöÇΓöÇΓûáΓöÇΓöÇΓöÇΓöÇΓöÇΓöÇΓöÇΓöÇΓöÇΓöÇΓöÇΓöÇΓöÇΓöÇΓöÇΓöÇΓöÇΓöÇΓöÇΓö╝ΓöÇΓöÇ┬╗
           ΓöîΓöÇΓö┤ΓöÇΓöÉ       Γöé    Γöé              Γöé  ΓööΓöÇΓöÇΓöÇΓöÿΓöîΓöÇΓö┤ΓöÇΓöÉ                 Γöé  ┬╗
 q_3: ΓöÇΓöÇΓöÇΓöÇΓöÇΓöñ X Γö£ΓöÇΓöÇΓöÇΓöÇΓöÇΓöÇΓöÇΓö╝ΓöÇΓöÇΓöÇΓöÇΓö╝ΓöÇΓöÇΓöÇΓöÇΓöÇΓöÇΓöÇΓöÇΓöÇΓöÇΓöÇΓöÇΓöÇΓöÇΓö╝ΓöÇΓöÇΓöÇΓöÇΓöÇΓöÇΓöÇΓöñ X Γö£ΓöÇΓöÇΓöÇΓöÇΓöÇΓöÇΓöÇΓöÇΓöÇΓöÇΓöÇΓöÇΓûáΓöÇΓöÇΓöÇΓöÇΓö╝ΓöÇΓöÇ┬╗
           ΓööΓöÇΓöÇΓöÇΓöÿ       Γöé  ΓöîΓöÇΓö┤ΓöÇΓöÉ            Γöé       ΓööΓöÇΓöÇΓöÇΓöÿ            Γöé    Γöé  ┬╗
 q_4: ΓöÇΓöÇΓöÇΓöÇΓöÇΓöÇΓöÇΓûáΓöÇΓöÇΓöÇΓöÇΓûáΓöÇΓöÇΓöÇΓöÇΓö╝ΓöÇΓöÇΓöñ X Γö£ΓöÇΓöÇΓûáΓöÇΓöÇΓöÇΓöÇΓöÇΓöÇΓöÇΓöÇΓöÇΓö╝ΓöÇΓöÇΓöÇΓöÇΓöÇΓöÇΓöÇΓöÇΓöÇΓöÇΓöÇΓöÇΓöÇΓöÇΓöÇΓöÇΓöÇΓöÇΓöÇΓöÇΓöÇΓöÇΓöÇΓöÇΓö╝ΓöÇΓöÇΓöÇΓöÇΓö╝ΓöÇΓöÇ┬╗
             Γöé  ΓöîΓöÇΓö┤ΓöÇΓöÉ  Γöé  ΓööΓöÇΓöÇΓöÇΓöÿ  Γöé         Γöé                        Γöé    Γöé  ┬╗
 q_5: ΓöÇΓöÇΓöÇΓöÇΓöÇΓöÇΓöÇΓö╝ΓöÇΓöÇΓöñ X Γö£ΓöÇΓöÇΓö╝ΓöÇΓöÇΓöÇΓöÇΓöÇΓöÇΓöÇΓöÇΓöÇΓö╝ΓöÇΓöÇΓöÇΓöÇΓûáΓöÇΓöÇΓöÇΓöÇΓö╝ΓöÇΓöÇΓöÇΓöÇΓöÇΓöÇΓöÇΓöÇΓöÇΓöÇΓöÇΓöÇΓöÇΓöÇΓöÇΓöÇΓöÇΓöÇΓöÇΓöÇΓöÇΓöÇΓöÇΓöÇΓö╝ΓöÇΓöÇΓöÇΓöÇΓö╝ΓöÇΓöÇ┬╗
             Γöé  ΓööΓöÇΓöÇΓöÇΓöÿ  Γöé       ΓöîΓöÇΓö┤ΓöÇΓöÉ  Γöé    Γöé                        Γöé    Γöé  ┬╗
 q_6: ΓöÇΓöÇΓûáΓöÇΓöÇΓöÇΓöÇΓö╝ΓöÇΓöÇΓöÇΓöÇΓöÇΓöÇΓöÇΓöÇΓöÇΓö╝ΓöÇΓöÇΓöÇΓöÇΓûáΓöÇΓöÇΓöñ X Γö£ΓöÇΓöÇΓö╝ΓöÇΓöÇΓöÇΓöÇΓö╝ΓöÇΓöÇΓöÇΓöÇΓûáΓöÇΓöÇΓöÇΓöÇΓöÇΓöÇΓöÇΓöÇΓöÇΓöÇΓöÇΓöÇΓöÇΓöÇΓöÇΓöÇΓöÇΓöÇΓöÇΓö╝ΓöÇΓöÇΓöÇΓöÇΓö╝ΓöÇΓöÇ┬╗
        Γöé    Γöé         Γöé    Γöé  ΓööΓöÇΓöÇΓöÇΓöÿ  Γöé    Γöé    Γöé                   Γöé    Γöé  ┬╗
 q_7: ΓöÇΓöÇΓö╝ΓöÇΓöÇΓöÇΓöÇΓö╝ΓöÇΓöÇΓöÇΓöÇΓöÇΓöÇΓöÇΓöÇΓöÇΓö╝ΓöÇΓöÇΓöÇΓöÇΓö╝ΓöÇΓöÇΓöÇΓöÇΓöÇΓöÇΓöÇΓöÇΓöÇΓö╝ΓöÇΓöÇΓöÇΓöÇΓö╝ΓöÇΓöÇΓöÇΓöÇΓö╝ΓöÇΓöÇΓöÇΓöÇΓöÇΓöÇΓöÇΓöÇΓöÇΓûáΓöÇΓöÇΓöÇΓöÇΓöÇΓöÇΓöÇΓöÇΓöÇΓö╝ΓöÇΓöÇΓöÇΓöÇΓö╝ΓöÇΓöÇ┬╗
      ΓöîΓöÇΓö┤ΓöÇΓöÉ  Γöé         Γöé    Γöé         Γöé  ΓöîΓöÇΓö┤ΓöÇΓöÉ  Γöé         Γöé         Γöé    Γöé  ┬╗
 q_8: Γöñ X Γö£ΓöÇΓöÇΓö╝ΓöÇΓöÇΓöÇΓöÇΓûáΓöÇΓöÇΓöÇΓöÇΓö╝ΓöÇΓöÇΓöÇΓöÇΓö╝ΓöÇΓöÇΓöÇΓöÇΓûáΓöÇΓöÇΓöÇΓöÇΓö╝ΓöÇΓöÇΓöñ X Γö£ΓöÇΓöÇΓö╝ΓöÇΓöÇΓöÇΓöÇΓûáΓöÇΓöÇΓöÇΓöÇΓö╝ΓöÇΓöÇΓöÇΓöÇΓûáΓöÇΓöÇΓöÇΓöÇΓö╝ΓöÇΓöÇΓöÇΓöÇΓö╝ΓöÇΓöÇ┬╗
      ΓööΓöÇΓöÇΓöÇΓöÿ  Γöé    Γöé    Γöé    Γöé    Γöé    Γöé  ΓööΓöÇΓöÇΓöÇΓöÿ  Γöé    Γöé    Γöé    Γöé    Γöé    Γöé  ┬╗
 q_9: ΓöÇΓöÇΓöÇΓöÇΓöÇΓöÇΓöÇΓö╝ΓöÇΓöÇΓöÇΓöÇΓö╝ΓöÇΓöÇΓöÇΓöÇΓö╝ΓöÇΓöÇΓöÇΓöÇΓö╝ΓöÇΓöÇΓöÇΓöÇΓö╝ΓöÇΓöÇΓöÇΓöÇΓö╝ΓöÇΓöÇΓöÇΓöÇΓöÇΓöÇΓöÇΓöÇΓöÇΓö╝ΓöÇΓöÇΓöÇΓöÇΓö╝ΓöÇΓöÇΓöÇΓöÇΓö╝ΓöÇΓöÇΓöÇΓöÇΓö╝ΓöÇΓöÇΓöÇΓöÇΓö╝ΓöÇΓöÇΓöÇΓöÇΓö╝ΓöÇΓöÇ┬╗
             Γöé  ΓöîΓöÇΓö┤ΓöÇΓöÉ  Γöé    Γöé    Γöé    Γöé         Γöé    Γöé    Γöé    Γöé  ΓöîΓöÇΓö┤ΓöÇΓöÉ  Γöé  ┬╗
q_10: ΓöÇΓöÇΓöÇΓöÇΓöÇΓöÇΓöÇΓö╝ΓöÇΓöÇΓöñ X Γö£ΓöÇΓöÇΓö╝ΓöÇΓöÇΓöÇΓöÇΓö╝ΓöÇΓöÇΓöÇΓöÇΓö╝ΓöÇΓöÇΓöÇΓöÇΓö╝ΓöÇΓöÇΓöÇΓöÇΓûáΓöÇΓöÇΓöÇΓöÇΓö╝ΓöÇΓöÇΓöÇΓöÇΓö╝ΓöÇΓöÇΓöÇΓöÇΓö╝ΓöÇΓöÇΓöÇΓöÇΓö╝ΓöÇΓöÇΓöñ X Γö£ΓöÇΓöÇΓö╝ΓöÇΓöÇ┬╗
             Γöé  ΓööΓöÇΓöÇΓöÇΓöÿ  Γöé  ΓöîΓöÇΓö┤ΓöÇΓöÉ  Γöé    Γöé    Γöé  ΓöîΓöÇΓö┤ΓöÇΓöÉΓöîΓöÇΓö┤ΓöÇΓöÉ  Γöé    Γöé  ΓööΓöÇΓöÇΓöÇΓöÿΓöîΓöÇΓö┤ΓöÇΓöÉ┬╗
q_11: ΓöÇΓöÇΓûáΓöÇΓöÇΓöÇΓöÇΓö╝ΓöÇΓöÇΓöÇΓöÇΓöÇΓöÇΓöÇΓöÇΓöÇΓö╝ΓöÇΓöÇΓöñ X Γö£ΓöÇΓöÇΓö╝ΓöÇΓöÇΓöÇΓöÇΓö╝ΓöÇΓöÇΓöÇΓöÇΓö╝ΓöÇΓöÇΓöñ X Γö£Γöñ X Γö£ΓöÇΓöÇΓö╝ΓöÇΓöÇΓöÇΓöÇΓö╝ΓöÇΓöÇΓöÇΓöÇΓöÇΓöÇΓöÇΓöñ X Γö£┬╗
        Γöé  ΓöîΓöÇΓö┤ΓöÇΓöÉ     ΓöîΓöÇΓö┤ΓöÇΓöÉΓööΓöÇΓöÇΓöÇΓöÿ  Γöé  ΓöîΓöÇΓö┤ΓöÇΓöÉ  Γöé  ΓööΓöÇΓöÇΓöÇΓöÿΓööΓöÇΓöÇΓöÇΓöÿ  Γöé  ΓöîΓöÇΓö┤ΓöÇΓöÉ     ΓööΓöÇΓöÇΓöÇΓöÿ┬╗
q_12: ΓöÇΓöÇΓö╝ΓöÇΓöÇΓöñ X Γö£ΓöÇΓöÇΓöÇΓöÇΓöÇΓöñ X Γö£ΓöÇΓöÇΓöÇΓöÇΓöÇΓöÇΓöÇΓö╝ΓöÇΓöÇΓöñ X Γö£ΓöÇΓöÇΓö╝ΓöÇΓöÇΓöÇΓöÇΓûáΓöÇΓöÇΓöÇΓöÇΓöÇΓöÇΓöÇΓöÇΓöÇΓö╝ΓöÇΓöÇΓöñ X Γö£ΓöÇΓöÇΓöÇΓöÇΓöÇΓöÇΓöÇΓöÇΓöÇΓöÇ┬╗
      ΓöîΓöÇΓö┤ΓöÇΓöÉΓööΓöÇΓöÇΓöÇΓöÿ     ΓööΓöÇΓöÇΓöÇΓöÿ     ΓöîΓöÇΓö┤ΓöÇΓöÉΓööΓöÇΓöÇΓöÇΓöÿΓöîΓöÇΓö┤ΓöÇΓöÉΓöîΓöÇΓö┤ΓöÇΓöÉ     ΓöîΓöÇΓö┤ΓöÇΓöÉΓööΓöÇΓöÇΓöÇΓöÿ          ┬╗
q_13: Γöñ X Γö£ΓöÇΓöÇΓöÇΓöÇΓöÇΓöÇΓöÇΓöÇΓöÇΓöÇΓöÇΓöÇΓöÇΓöÇΓöÇΓöÇΓöÇΓöÇΓöÇΓöÇΓöñ X Γö£ΓöÇΓöÇΓöÇΓöÇΓöÇΓöñ X Γö£Γöñ X Γö£ΓöÇΓöÇΓöÇΓöÇΓöÇΓöñ X Γö£ΓöÇΓöÇΓöÇΓöÇΓöÇΓöÇΓöÇΓöÇΓöÇΓöÇΓöÇΓöÇΓöÇΓöÇΓöÇ┬╗
      ΓööΓöÇΓöÇΓöÇΓöÿ                    ΓööΓöÇΓöÇΓöÇΓöÿ     ΓööΓöÇΓöÇΓöÇΓöÿΓööΓöÇΓöÇΓöÇΓöÿ     ΓööΓöÇΓöÇΓöÇΓöÿ               ┬╗
┬½                                                             
┬½ q_0: ΓöÇΓöÇΓöÇΓöÇΓöÇΓöÇΓöÇΓöÇΓöÇΓöÇΓöÇΓöÇΓûáΓöÇΓöÇΓöÇΓöÇΓöÇΓöÇΓöÇΓöÇΓöÇΓöÇΓöÇΓöÇΓöÇΓöÇΓöÇΓöÇΓöÇΓöÇΓöÇΓûáΓöÇΓöÇΓöÇΓöÇΓûáΓöÇΓöÇΓöÇΓöÇΓöÇΓöÇΓöÇΓöÇΓöÇΓöÇΓöÇΓöÇΓöÇΓöÇΓûáΓöÇΓöÇ
┬½                  Γöé                   Γöé    Γöé              Γöé  
┬½ q_1: ΓöÇΓöÇΓöÇΓöÇΓöÇΓöÇΓöÇΓûáΓöÇΓöÇΓöÇΓöÇΓö╝ΓöÇΓöÇΓöÇΓöÇΓûáΓöÇΓöÇΓöÇΓöÇΓöÇΓöÇΓöÇΓöÇΓöÇΓûáΓöÇΓöÇΓöÇΓöÇΓö╝ΓöÇΓöÇΓöÇΓöÇΓö╝ΓöÇΓöÇΓöÇΓöÇΓöÇΓöÇΓöÇΓöÇΓöÇΓöÇΓöÇΓöÇΓöÇΓöÇΓö╝ΓöÇΓöÇ
┬½             Γöé    Γöé    Γöé         Γöé    Γöé    Γöé              Γöé  
┬½ q_2: ΓöÇΓöÇΓöÇΓöÇΓöÇΓöÇΓöÇΓö╝ΓöÇΓöÇΓöÇΓöÇΓö╝ΓöÇΓöÇΓöÇΓöÇΓö╝ΓöÇΓöÇΓöÇΓöÇΓûáΓöÇΓöÇΓöÇΓöÇΓö╝ΓöÇΓöÇΓöÇΓöÇΓö╝ΓöÇΓöÇΓöÇΓöÇΓö╝ΓöÇΓöÇΓöÇΓöÇΓöÇΓöÇΓöÇΓöÇΓöÇΓöÇΓöÇΓöÇΓöÇΓöÇΓö╝ΓöÇΓöÇ
┬½             Γöé    Γöé    Γöé    Γöé  ΓöîΓöÇΓö┤ΓöÇΓöÉ  Γöé    Γöé              Γöé  
┬½ q_3: ΓöÇΓöÇΓöÇΓöÇΓöÇΓöÇΓöÇΓö╝ΓöÇΓöÇΓöÇΓöÇΓö╝ΓöÇΓöÇΓöÇΓöÇΓö╝ΓöÇΓöÇΓöÇΓöÇΓö╝ΓöÇΓöÇΓöñ X Γö£ΓöÇΓöÇΓö╝ΓöÇΓöÇΓöÇΓöÇΓö╝ΓöÇΓöÇΓöÇΓöÇΓûáΓöÇΓöÇΓöÇΓöÇΓöÇΓöÇΓöÇΓöÇΓöÇΓö╝ΓöÇΓöÇ
┬½             Γöé    Γöé    Γöé    Γöé  ΓööΓöÇΓöÇΓöÇΓöÿ  Γöé    Γöé    Γöé         Γöé  
┬½ q_4: ΓöÇΓöÇΓöÇΓöÇΓöÇΓöÇΓöÇΓö╝ΓöÇΓöÇΓöÇΓöÇΓö╝ΓöÇΓöÇΓöÇΓöÇΓö╝ΓöÇΓöÇΓöÇΓöÇΓö╝ΓöÇΓöÇΓöÇΓöÇΓöÇΓöÇΓöÇΓöÇΓöÇΓö╝ΓöÇΓöÇΓöÇΓöÇΓö╝ΓöÇΓöÇΓöÇΓöÇΓö╝ΓöÇΓöÇΓöÇΓöÇΓöÇΓöÇΓöÇΓöÇΓöÇΓö╝ΓöÇΓöÇ
┬½             Γöé  ΓöîΓöÇΓö┤ΓöÇΓöÉ  Γöé    Γöé         Γöé  ΓöîΓöÇΓö┤ΓöÇΓöÉ  Γöé         Γöé  
┬½ q_5: ΓöÇΓöÇΓûáΓöÇΓöÇΓöÇΓöÇΓö╝ΓöÇΓöÇΓöñ X Γö£ΓöÇΓöÇΓö╝ΓöÇΓöÇΓöÇΓöÇΓö╝ΓöÇΓöÇΓöÇΓöÇΓûáΓöÇΓöÇΓöÇΓöÇΓö╝ΓöÇΓöÇΓöñ X Γö£ΓöÇΓöÇΓö╝ΓöÇΓöÇΓöÇΓöÇΓûáΓöÇΓöÇΓöÇΓöÇΓö╝ΓöÇΓöÇ
┬½        Γöé    Γöé  ΓööΓöÇΓöÇΓöÇΓöÿ  Γöé    Γöé  ΓöîΓöÇΓö┤ΓöÇΓöÉ  Γöé  ΓööΓöÇΓöÇΓöÇΓöÿ  Γöé    Γöé  ΓöîΓöÇΓö┤ΓöÇΓöÉ
┬½ q_6: ΓöÇΓöÇΓö╝ΓöÇΓöÇΓöÇΓöÇΓö╝ΓöÇΓöÇΓöÇΓöÇΓûáΓöÇΓöÇΓöÇΓöÇΓö╝ΓöÇΓöÇΓöÇΓöÇΓö╝ΓöÇΓöÇΓöñ X Γö£ΓöÇΓöÇΓö╝ΓöÇΓöÇΓöÇΓöÇΓöÇΓöÇΓöÇΓöÇΓöÇΓö╝ΓöÇΓöÇΓöÇΓöÇΓö╝ΓöÇΓöÇΓöñ X Γö£
┬½        Γöé    Γöé    Γöé    Γöé    Γöé  ΓööΓöÇΓöÇΓöÇΓöÿ  Γöé         Γöé  ΓöîΓöÇΓö┤ΓöÇΓöÉΓööΓöÇΓöÇΓöÇΓöÿ
┬½ q_7: ΓöÇΓöÇΓö╝ΓöÇΓöÇΓöÇΓöÇΓö╝ΓöÇΓöÇΓöÇΓöÇΓö╝ΓöÇΓöÇΓöÇΓöÇΓö╝ΓöÇΓöÇΓöÇΓöÇΓö╝ΓöÇΓöÇΓöÇΓöÇΓöÇΓöÇΓöÇΓöÇΓöÇΓö╝ΓöÇΓöÇΓöÇΓöÇΓöÇΓöÇΓöÇΓöÇΓöÇΓö╝ΓöÇΓöÇΓöñ X Γö£ΓöÇΓöÇΓöÇΓöÇΓöÇ
┬½      ΓöîΓöÇΓö┤ΓöÇΓöÉ  Γöé    Γöé  ΓöîΓöÇΓö┤ΓöÇΓöÉ  Γöé         Γöé       ΓöîΓöÇΓö┤ΓöÇΓöÉΓööΓöÇΓöÇΓöÇΓöÿ     
┬½ q_8: Γöñ X Γö£ΓöÇΓöÇΓö╝ΓöÇΓöÇΓöÇΓöÇΓö╝ΓöÇΓöÇΓöñ X Γö£ΓöÇΓöÇΓö╝ΓöÇΓöÇΓöÇΓöÇΓûáΓöÇΓöÇΓöÇΓöÇΓö╝ΓöÇΓöÇΓöÇΓöÇΓöÇΓöÇΓöÇΓöñ X Γö£ΓöÇΓöÇΓöÇΓöÇΓöÇΓöÇΓöÇΓöÇΓöÇΓöÇ
┬½      ΓööΓöÇΓöÇΓöÇΓöÿ  Γöé    Γöé  ΓööΓöÇΓöÇΓöÇΓöÿ  Γöé    Γöé  ΓöîΓöÇΓö┤ΓöÇΓöÉ     ΓööΓöÇΓöÇΓöÇΓöÿ          
┬½ q_9: ΓöÇΓöÇΓöÇΓöÇΓöÇΓöÇΓöÇΓö╝ΓöÇΓöÇΓöÇΓöÇΓö╝ΓöÇΓöÇΓöÇΓöÇΓûáΓöÇΓöÇΓöÇΓöÇΓö╝ΓöÇΓöÇΓöÇΓöÇΓö╝ΓöÇΓöÇΓöñ X Γö£ΓöÇΓöÇΓûáΓöÇΓöÇΓöÇΓöÇΓöÇΓöÇΓöÇΓöÇΓöÇΓöÇΓöÇΓöÇΓöÇΓöÇΓöÇΓöÇΓöÇ
┬½           ΓöîΓöÇΓö┤ΓöÇΓöÉ  Γöé  ΓöîΓöÇΓö┤ΓöÇΓöÉΓöîΓöÇΓö┤ΓöÇΓöÉ  Γöé  ΓööΓöÇΓöÇΓöÇΓöÿ  Γöé                 
┬½q_10: ΓöÇΓöÇΓöÇΓöÇΓöÇΓöñ X Γö£ΓöÇΓöÇΓö╝ΓöÇΓöÇΓöñ X Γö£Γöñ X Γö£ΓöÇΓöÇΓö╝ΓöÇΓöÇΓöÇΓöÇΓöÇΓöÇΓöÇΓöÇΓöÇΓö╝ΓöÇΓöÇΓöÇΓöÇΓöÇΓöÇΓöÇΓöÇΓöÇΓöÇΓöÇΓöÇΓöÇΓöÇΓöÇΓöÇΓöÇ
┬½           ΓööΓöÇΓöÇΓöÇΓöÿ  Γöé  ΓööΓöÇΓöÇΓöÇΓöÿΓööΓöÇΓöÇΓöÇΓöÿ  Γöé         Γöé                 
┬½q_11: ΓöÇΓöÇΓöÇΓöÇΓöÇΓöÇΓöÇΓöÇΓöÇΓöÇΓöÇΓöÇΓö╝ΓöÇΓöÇΓöÇΓöÇΓûáΓöÇΓöÇΓöÇΓöÇΓöÇΓöÇΓöÇΓöÇΓöÇΓö╝ΓöÇΓöÇΓöÇΓöÇΓöÇΓöÇΓöÇΓöÇΓöÇΓö╝ΓöÇΓöÇΓöÇΓöÇΓöÇΓöÇΓöÇΓöÇΓöÇΓöÇΓöÇΓöÇΓöÇΓöÇΓöÇΓöÇΓöÇ
┬½                ΓöîΓöÇΓö┤ΓöÇΓöÉΓöîΓöÇΓö┤ΓöÇΓöÉ       Γöé       ΓöîΓöÇΓö┤ΓöÇΓöÉ               
┬½q_12: ΓöÇΓöÇΓöÇΓöÇΓöÇΓöÇΓöÇΓöÇΓöÇΓöÇΓöñ X Γö£Γöñ X Γö£ΓöÇΓöÇΓöÇΓöÇΓöÇΓöÇΓöÇΓö╝ΓöÇΓöÇΓöÇΓöÇΓöÇΓöÇΓöÇΓöñ X Γö£ΓöÇΓöÇΓöÇΓöÇΓöÇΓöÇΓöÇΓöÇΓöÇΓöÇΓöÇΓöÇΓöÇΓöÇΓöÇ
┬½                ΓööΓöÇΓöÇΓöÇΓöÿΓööΓöÇΓöÇΓöÇΓöÿ     ΓöîΓöÇΓö┤ΓöÇΓöÉ     ΓööΓöÇΓöÇΓöÇΓöÿ               
┬½q_13: ΓöÇΓöÇΓöÇΓöÇΓöÇΓöÇΓöÇΓöÇΓöÇΓöÇΓöÇΓöÇΓöÇΓöÇΓöÇΓöÇΓöÇΓöÇΓöÇΓöÇΓöÇΓöÇΓöÇΓöÇΓöÇΓöñ X Γö£ΓöÇΓöÇΓöÇΓöÇΓöÇΓöÇΓöÇΓöÇΓöÇΓöÇΓöÇΓöÇΓöÇΓöÇΓöÇΓöÇΓöÇΓöÇΓöÇΓöÇΓöÇΓöÇΓöÇΓöÇΓöÇ
┬½                               ΓööΓöÇΓöÇΓöÇΓöÿ                         
Generating twoway SAT encoding, solving with cd19
                                                                            ┬╗
 q_0: ΓöÇΓöÇΓöÇΓöÇΓöÇΓöÇΓöÇΓûáΓöÇΓöÇΓöÇΓöÇΓöÇΓöÇΓöÇΓöÇΓöÇΓöÇΓöÇΓöÇΓöÇΓöÇΓöÇΓöÇΓöÇΓöÇΓöÇΓöÇΓöÇΓöÇΓöÇΓöÇΓöÇΓöÇΓöÇΓöÇΓöÇΓöÇΓöÇΓöÇΓöÇΓöÇΓûáΓöÇΓöÇΓöÇΓöÇΓöÇΓöÇΓöÇΓöÇΓöÇΓöÇΓöÇΓöÇΓöÇΓöÇΓöÇΓöÇΓöÇΓöÇΓöÇΓöÇΓöÇΓöÇΓöÇΓöÇΓöÇΓöÇΓöÇ┬╗
             Γöé                                  Γöé                           ┬╗
 q_1: ΓöÇΓöÇΓöÇΓöÇΓöÇΓöÇΓöÇΓö╝ΓöÇΓöÇΓöÇΓöÇΓöÇΓöÇΓöÇΓöÇΓöÇΓöÇΓöÇΓöÇΓöÇΓöÇΓûáΓöÇΓöÇΓöÇΓöÇΓöÇΓöÇΓöÇΓöÇΓöÇΓöÇΓöÇΓöÇΓöÇΓöÇΓöÇΓöÇΓöÇΓöÇΓöÇΓö╝ΓöÇΓöÇΓöÇΓöÇΓöÇΓöÇΓöÇΓöÇΓöÇΓöÇΓöÇΓöÇΓöÇΓöÇΓöÇΓöÇΓöÇΓöÇΓöÇΓöÇΓöÇΓöÇΓöÇΓöÇΓûáΓöÇΓöÇ┬╗
             Γöé              Γöé                 ΓöîΓöÇΓö┤ΓöÇΓöÉ                      Γöé  ┬╗
 q_2: ΓöÇΓöÇΓöÇΓöÇΓöÇΓöÇΓöÇΓö╝ΓöÇΓöÇΓöÇΓöÇΓöÇΓöÇΓöÇΓöÇΓöÇΓûáΓöÇΓöÇΓöÇΓöÇΓö╝ΓöÇΓöÇΓöÇΓöÇΓöÇΓöÇΓöÇΓöÇΓöÇΓöÇΓöÇΓöÇΓöÇΓöÇΓûáΓöÇΓöÇΓöñ X Γö£ΓöÇΓöÇΓûáΓöÇΓöÇΓöÇΓöÇΓöÇΓöÇΓöÇΓöÇΓöÇΓöÇΓöÇΓöÇΓöÇΓöÇΓöÇΓöÇΓöÇΓöÇΓöÇΓö╝ΓöÇΓöÇ┬╗
           ΓöîΓöÇΓö┤ΓöÇΓöÉ       Γöé    Γöé              Γöé  ΓööΓöÇΓöÇΓöÇΓöÿΓöîΓöÇΓö┤ΓöÇΓöÉ                 Γöé  ┬╗
 q_3: ΓöÇΓöÇΓöÇΓöÇΓöÇΓöñ X Γö£ΓöÇΓöÇΓöÇΓöÇΓöÇΓöÇΓöÇΓö╝ΓöÇΓöÇΓöÇΓöÇΓö╝ΓöÇΓöÇΓöÇΓöÇΓöÇΓöÇΓöÇΓöÇΓöÇΓöÇΓöÇΓöÇΓöÇΓöÇΓö╝ΓöÇΓöÇΓöÇΓöÇΓöÇΓöÇΓöÇΓöñ X Γö£ΓöÇΓöÇΓöÇΓöÇΓöÇΓöÇΓöÇΓöÇΓöÇΓöÇΓöÇΓöÇΓûáΓöÇΓöÇΓöÇΓöÇΓö╝ΓöÇΓöÇ┬╗
           ΓööΓöÇΓöÇΓöÇΓöÿ       Γöé  ΓöîΓöÇΓö┤ΓöÇΓöÉ            Γöé       ΓööΓöÇΓöÇΓöÇΓöÿ            Γöé    Γöé  ┬╗
 q_4: ΓöÇΓöÇΓöÇΓöÇΓöÇΓöÇΓöÇΓûáΓöÇΓöÇΓöÇΓöÇΓûáΓöÇΓöÇΓöÇΓöÇΓö╝ΓöÇΓöÇΓöñ X Γö£ΓöÇΓöÇΓûáΓöÇΓöÇΓöÇΓöÇΓöÇΓöÇΓöÇΓöÇΓöÇΓö╝ΓöÇΓöÇΓöÇΓöÇΓöÇΓöÇΓöÇΓöÇΓöÇΓöÇΓöÇΓöÇΓöÇΓöÇΓöÇΓöÇΓöÇΓöÇΓöÇΓöÇΓöÇΓöÇΓöÇΓöÇΓö╝ΓöÇΓöÇΓöÇΓöÇΓö╝ΓöÇΓöÇ┬╗
             Γöé  ΓöîΓöÇΓö┤ΓöÇΓöÉ  Γöé  ΓööΓöÇΓöÇΓöÇΓöÿ  Γöé         Γöé                        Γöé    Γöé  ┬╗
 q_5: ΓöÇΓöÇΓöÇΓöÇΓöÇΓöÇΓöÇΓö╝ΓöÇΓöÇΓöñ X Γö£ΓöÇΓöÇΓö╝ΓöÇΓöÇΓöÇΓöÇΓöÇΓöÇΓöÇΓöÇΓöÇΓö╝ΓöÇΓöÇΓöÇΓöÇΓûáΓöÇΓöÇΓöÇΓöÇΓö╝ΓöÇΓöÇΓöÇΓöÇΓöÇΓöÇΓöÇΓöÇΓöÇΓöÇΓöÇΓöÇΓöÇΓöÇΓöÇΓöÇΓöÇΓöÇΓöÇΓöÇΓöÇΓöÇΓöÇΓöÇΓö╝ΓöÇΓöÇΓöÇΓöÇΓö╝ΓöÇΓöÇ┬╗
             Γöé  ΓööΓöÇΓöÇΓöÇΓöÿ  Γöé       ΓöîΓöÇΓö┤ΓöÇΓöÉ  Γöé    Γöé                        Γöé    Γöé  ┬╗
 q_6: ΓöÇΓöÇΓûáΓöÇΓöÇΓöÇΓöÇΓö╝ΓöÇΓöÇΓöÇΓöÇΓöÇΓöÇΓöÇΓöÇΓöÇΓö╝ΓöÇΓöÇΓöÇΓöÇΓûáΓöÇΓöÇΓöñ X Γö£ΓöÇΓöÇΓö╝ΓöÇΓöÇΓöÇΓöÇΓö╝ΓöÇΓöÇΓöÇΓöÇΓûáΓöÇΓöÇΓöÇΓöÇΓöÇΓöÇΓöÇΓöÇΓöÇΓöÇΓöÇΓöÇΓöÇΓöÇΓöÇΓöÇΓöÇΓöÇΓöÇΓö╝ΓöÇΓöÇΓöÇΓöÇΓö╝ΓöÇΓöÇ┬╗
        Γöé    Γöé         Γöé    Γöé  ΓööΓöÇΓöÇΓöÇΓöÿ  Γöé    Γöé    Γöé                   Γöé    Γöé  ┬╗
 q_7: ΓöÇΓöÇΓö╝ΓöÇΓöÇΓöÇΓöÇΓö╝ΓöÇΓöÇΓöÇΓöÇΓöÇΓöÇΓöÇΓöÇΓöÇΓö╝ΓöÇΓöÇΓöÇΓöÇΓö╝ΓöÇΓöÇΓöÇΓöÇΓöÇΓöÇΓöÇΓöÇΓöÇΓö╝ΓöÇΓöÇΓöÇΓöÇΓö╝ΓöÇΓöÇΓöÇΓöÇΓö╝ΓöÇΓöÇΓöÇΓöÇΓöÇΓöÇΓöÇΓöÇΓöÇΓûáΓöÇΓöÇΓöÇΓöÇΓöÇΓöÇΓöÇΓöÇΓöÇΓö╝ΓöÇΓöÇΓöÇΓöÇΓö╝ΓöÇΓöÇ┬╗
      ΓöîΓöÇΓö┤ΓöÇΓöÉ  Γöé         Γöé    Γöé         Γöé  ΓöîΓöÇΓö┤ΓöÇΓöÉ  Γöé         Γöé         Γöé    Γöé  ┬╗
 q_8: Γöñ X Γö£ΓöÇΓöÇΓö╝ΓöÇΓöÇΓöÇΓöÇΓûáΓöÇΓöÇΓöÇΓöÇΓö╝ΓöÇΓöÇΓöÇΓöÇΓö╝ΓöÇΓöÇΓöÇΓöÇΓûáΓöÇΓöÇΓöÇΓöÇΓö╝ΓöÇΓöÇΓöñ X Γö£ΓöÇΓöÇΓö╝ΓöÇΓöÇΓöÇΓöÇΓûáΓöÇΓöÇΓöÇΓöÇΓö╝ΓöÇΓöÇΓöÇΓöÇΓûáΓöÇΓöÇΓöÇΓöÇΓö╝ΓöÇΓöÇΓöÇΓöÇΓö╝ΓöÇΓöÇ┬╗
      ΓööΓöÇΓöÇΓöÇΓöÿ  Γöé    Γöé    Γöé    Γöé    Γöé    Γöé  ΓööΓöÇΓöÇΓöÇΓöÿ  Γöé    Γöé    Γöé    Γöé    Γöé    Γöé  ┬╗
 q_9: ΓöÇΓöÇΓöÇΓöÇΓöÇΓöÇΓöÇΓö╝ΓöÇΓöÇΓöÇΓöÇΓö╝ΓöÇΓöÇΓöÇΓöÇΓö╝ΓöÇΓöÇΓöÇΓöÇΓö╝ΓöÇΓöÇΓöÇΓöÇΓö╝ΓöÇΓöÇΓöÇΓöÇΓö╝ΓöÇΓöÇΓöÇΓöÇΓöÇΓöÇΓöÇΓöÇΓöÇΓö╝ΓöÇΓöÇΓöÇΓöÇΓö╝ΓöÇΓöÇΓöÇΓöÇΓö╝ΓöÇΓöÇΓöÇΓöÇΓö╝ΓöÇΓöÇΓöÇΓöÇΓö╝ΓöÇΓöÇΓöÇΓöÇΓö╝ΓöÇΓöÇ┬╗
             Γöé  ΓöîΓöÇΓö┤ΓöÇΓöÉ  Γöé    Γöé    Γöé    Γöé         Γöé    Γöé    Γöé    Γöé  ΓöîΓöÇΓö┤ΓöÇΓöÉ  Γöé  ┬╗
q_10: ΓöÇΓöÇΓöÇΓöÇΓöÇΓöÇΓöÇΓö╝ΓöÇΓöÇΓöñ X Γö£ΓöÇΓöÇΓö╝ΓöÇΓöÇΓöÇΓöÇΓö╝ΓöÇΓöÇΓöÇΓöÇΓö╝ΓöÇΓöÇΓöÇΓöÇΓö╝ΓöÇΓöÇΓöÇΓöÇΓûáΓöÇΓöÇΓöÇΓöÇΓö╝ΓöÇΓöÇΓöÇΓöÇΓö╝ΓöÇΓöÇΓöÇΓöÇΓö╝ΓöÇΓöÇΓöÇΓöÇΓö╝ΓöÇΓöÇΓöñ X Γö£ΓöÇΓöÇΓö╝ΓöÇΓöÇ┬╗
             Γöé  ΓööΓöÇΓöÇΓöÇΓöÿ  Γöé  ΓöîΓöÇΓö┤ΓöÇΓöÉ  Γöé    Γöé    Γöé  ΓöîΓöÇΓö┤ΓöÇΓöÉΓöîΓöÇΓö┤ΓöÇΓöÉ  Γöé    Γöé  ΓööΓöÇΓöÇΓöÇΓöÿΓöîΓöÇΓö┤ΓöÇΓöÉ┬╗
q_11: ΓöÇΓöÇΓûáΓöÇΓöÇΓöÇΓöÇΓö╝ΓöÇΓöÇΓöÇΓöÇΓöÇΓöÇΓöÇΓöÇΓöÇΓö╝ΓöÇΓöÇΓöñ X Γö£ΓöÇΓöÇΓö╝ΓöÇΓöÇΓöÇΓöÇΓö╝ΓöÇΓöÇΓöÇΓöÇΓö╝ΓöÇΓöÇΓöñ X Γö£Γöñ X Γö£ΓöÇΓöÇΓö╝ΓöÇΓöÇΓöÇΓöÇΓö╝ΓöÇΓöÇΓöÇΓöÇΓöÇΓöÇΓöÇΓöñ X Γö£┬╗
        Γöé  ΓöîΓöÇΓö┤ΓöÇΓöÉ     ΓöîΓöÇΓö┤ΓöÇΓöÉΓööΓöÇΓöÇΓöÇΓöÿ  Γöé  ΓöîΓöÇΓö┤ΓöÇΓöÉ  Γöé  ΓööΓöÇΓöÇΓöÇΓöÿΓööΓöÇΓöÇΓöÇΓöÿ  Γöé  ΓöîΓöÇΓö┤ΓöÇΓöÉ     ΓööΓöÇΓöÇΓöÇΓöÿ┬╗
q_12: ΓöÇΓöÇΓö╝ΓöÇΓöÇΓöñ X Γö£ΓöÇΓöÇΓöÇΓöÇΓöÇΓöñ X Γö£ΓöÇΓöÇΓöÇΓöÇΓöÇΓöÇΓöÇΓö╝ΓöÇΓöÇΓöñ X Γö£ΓöÇΓöÇΓö╝ΓöÇΓöÇΓöÇΓöÇΓûáΓöÇΓöÇΓöÇΓöÇΓöÇΓöÇΓöÇΓöÇΓöÇΓö╝ΓöÇΓöÇΓöñ X Γö£ΓöÇΓöÇΓöÇΓöÇΓöÇΓöÇΓöÇΓöÇΓöÇΓöÇ┬╗
      ΓöîΓöÇΓö┤ΓöÇΓöÉΓööΓöÇΓöÇΓöÇΓöÿ     ΓööΓöÇΓöÇΓöÇΓöÿ     ΓöîΓöÇΓö┤ΓöÇΓöÉΓööΓöÇΓöÇΓöÇΓöÿΓöîΓöÇΓö┤ΓöÇΓöÉΓöîΓöÇΓö┤ΓöÇΓöÉ     ΓöîΓöÇΓö┤ΓöÇΓöÉΓööΓöÇΓöÇΓöÇΓöÿ          ┬╗
q_13: Γöñ X Γö£ΓöÇΓöÇΓöÇΓöÇΓöÇΓöÇΓöÇΓöÇΓöÇΓöÇΓöÇΓöÇΓöÇΓöÇΓöÇΓöÇΓöÇΓöÇΓöÇΓöÇΓöñ X Γö£ΓöÇΓöÇΓöÇΓöÇΓöÇΓöñ X Γö£Γöñ X Γö£ΓöÇΓöÇΓöÇΓöÇΓöÇΓöñ X Γö£ΓöÇΓöÇΓöÇΓöÇΓöÇΓöÇΓöÇΓöÇΓöÇΓöÇΓöÇΓöÇΓöÇΓöÇΓöÇ┬╗
      ΓööΓöÇΓöÇΓöÇΓöÿ                    ΓööΓöÇΓöÇΓöÇΓöÿ     ΓööΓöÇΓöÇΓöÇΓöÿΓööΓöÇΓöÇΓöÇΓöÿ     ΓööΓöÇΓöÇΓöÇΓöÿ               ┬╗
┬½                                                             
┬½ q_0: ΓöÇΓöÇΓöÇΓöÇΓöÇΓöÇΓöÇΓöÇΓöÇΓöÇΓöÇΓöÇΓûáΓöÇΓöÇΓöÇΓöÇΓöÇΓöÇΓöÇΓöÇΓöÇΓöÇΓöÇΓöÇΓöÇΓöÇΓöÇΓöÇΓöÇΓöÇΓöÇΓûáΓöÇΓöÇΓöÇΓöÇΓûáΓöÇΓöÇΓöÇΓöÇΓöÇΓöÇΓöÇΓöÇΓöÇΓöÇΓöÇΓöÇΓöÇΓöÇΓûáΓöÇΓöÇ
┬½                  Γöé                   Γöé    Γöé              Γöé  
┬½ q_1: ΓöÇΓöÇΓöÇΓöÇΓöÇΓöÇΓöÇΓûáΓöÇΓöÇΓöÇΓöÇΓö╝ΓöÇΓöÇΓöÇΓöÇΓûáΓöÇΓöÇΓöÇΓöÇΓöÇΓöÇΓöÇΓöÇΓöÇΓûáΓöÇΓöÇΓöÇΓöÇΓö╝ΓöÇΓöÇΓöÇΓöÇΓö╝ΓöÇΓöÇΓöÇΓöÇΓöÇΓöÇΓöÇΓöÇΓöÇΓöÇΓöÇΓöÇΓöÇΓöÇΓö╝ΓöÇΓöÇ
┬½             Γöé    Γöé    Γöé         Γöé    Γöé    Γöé              Γöé  
┬½ q_2: ΓöÇΓöÇΓöÇΓöÇΓöÇΓöÇΓöÇΓö╝ΓöÇΓöÇΓöÇΓöÇΓö╝ΓöÇΓöÇΓöÇΓöÇΓö╝ΓöÇΓöÇΓöÇΓöÇΓûáΓöÇΓöÇΓöÇΓöÇΓö╝ΓöÇΓöÇΓöÇΓöÇΓö╝ΓöÇΓöÇΓöÇΓöÇΓö╝ΓöÇΓöÇΓöÇΓöÇΓöÇΓöÇΓöÇΓöÇΓöÇΓöÇΓöÇΓöÇΓöÇΓöÇΓö╝ΓöÇΓöÇ
┬½             Γöé    Γöé    Γöé    Γöé  ΓöîΓöÇΓö┤ΓöÇΓöÉ  Γöé    Γöé              Γöé  
┬½ q_3: ΓöÇΓöÇΓöÇΓöÇΓöÇΓöÇΓöÇΓö╝ΓöÇΓöÇΓöÇΓöÇΓö╝ΓöÇΓöÇΓöÇΓöÇΓö╝ΓöÇΓöÇΓöÇΓöÇΓö╝ΓöÇΓöÇΓöñ X Γö£ΓöÇΓöÇΓö╝ΓöÇΓöÇΓöÇΓöÇΓö╝ΓöÇΓöÇΓöÇΓöÇΓûáΓöÇΓöÇΓöÇΓöÇΓöÇΓöÇΓöÇΓöÇΓöÇΓö╝ΓöÇΓöÇ
┬½             Γöé    Γöé    Γöé    Γöé  ΓööΓöÇΓöÇΓöÇΓöÿ  Γöé    Γöé    Γöé         Γöé  
┬½ q_4: ΓöÇΓöÇΓöÇΓöÇΓöÇΓöÇΓöÇΓö╝ΓöÇΓöÇΓöÇΓöÇΓö╝ΓöÇΓöÇΓöÇΓöÇΓö╝ΓöÇΓöÇΓöÇΓöÇΓö╝ΓöÇΓöÇΓöÇΓöÇΓöÇΓöÇΓöÇΓöÇΓöÇΓö╝ΓöÇΓöÇΓöÇΓöÇΓö╝ΓöÇΓöÇΓöÇΓöÇΓö╝ΓöÇΓöÇΓöÇΓöÇΓöÇΓöÇΓöÇΓöÇΓöÇΓö╝ΓöÇΓöÇ
┬½             Γöé  ΓöîΓöÇΓö┤ΓöÇΓöÉ  Γöé    Γöé         Γöé  ΓöîΓöÇΓö┤ΓöÇΓöÉ  Γöé         Γöé  
┬½ q_5: ΓöÇΓöÇΓûáΓöÇΓöÇΓöÇΓöÇΓö╝ΓöÇΓöÇΓöñ X Γö£ΓöÇΓöÇΓö╝ΓöÇΓöÇΓöÇΓöÇΓö╝ΓöÇΓöÇΓöÇΓöÇΓûáΓöÇΓöÇΓöÇΓöÇΓö╝ΓöÇΓöÇΓöñ X Γö£ΓöÇΓöÇΓö╝ΓöÇΓöÇΓöÇΓöÇΓûáΓöÇΓöÇΓöÇΓöÇΓö╝ΓöÇΓöÇ
┬½        Γöé    Γöé  ΓööΓöÇΓöÇΓöÇΓöÿ  Γöé    Γöé  ΓöîΓöÇΓö┤ΓöÇΓöÉ  Γöé  ΓööΓöÇΓöÇΓöÇΓöÿ  Γöé    Γöé  ΓöîΓöÇΓö┤ΓöÇΓöÉ
┬½ q_6: ΓöÇΓöÇΓö╝ΓöÇΓöÇΓöÇΓöÇΓö╝ΓöÇΓöÇΓöÇΓöÇΓûáΓöÇΓöÇΓöÇΓöÇΓö╝ΓöÇΓöÇΓöÇΓöÇΓö╝ΓöÇΓöÇΓöñ X Γö£ΓöÇΓöÇΓö╝ΓöÇΓöÇΓöÇΓöÇΓöÇΓöÇΓöÇΓöÇΓöÇΓö╝ΓöÇΓöÇΓöÇΓöÇΓö╝ΓöÇΓöÇΓöñ X Γö£
┬½        Γöé    Γöé    Γöé    Γöé    Γöé  ΓööΓöÇΓöÇΓöÇΓöÿ  Γöé         Γöé  ΓöîΓöÇΓö┤ΓöÇΓöÉΓööΓöÇΓöÇΓöÇΓöÿ
┬½ q_7: ΓöÇΓöÇΓö╝ΓöÇΓöÇΓöÇΓöÇΓö╝ΓöÇΓöÇΓöÇΓöÇΓö╝ΓöÇΓöÇΓöÇΓöÇΓö╝ΓöÇΓöÇΓöÇΓöÇΓö╝ΓöÇΓöÇΓöÇΓöÇΓöÇΓöÇΓöÇΓöÇΓöÇΓö╝ΓöÇΓöÇΓöÇΓöÇΓöÇΓöÇΓöÇΓöÇΓöÇΓö╝ΓöÇΓöÇΓöñ X Γö£ΓöÇΓöÇΓöÇΓöÇΓöÇ
┬½      ΓöîΓöÇΓö┤ΓöÇΓöÉ  Γöé    Γöé  ΓöîΓöÇΓö┤ΓöÇΓöÉ  Γöé         Γöé       ΓöîΓöÇΓö┤ΓöÇΓöÉΓööΓöÇΓöÇΓöÇΓöÿ     
┬½ q_8: Γöñ X Γö£ΓöÇΓöÇΓö╝ΓöÇΓöÇΓöÇΓöÇΓö╝ΓöÇΓöÇΓöñ X Γö£ΓöÇΓöÇΓö╝ΓöÇΓöÇΓöÇΓöÇΓûáΓöÇΓöÇΓöÇΓöÇΓö╝ΓöÇΓöÇΓöÇΓöÇΓöÇΓöÇΓöÇΓöñ X Γö£ΓöÇΓöÇΓöÇΓöÇΓöÇΓöÇΓöÇΓöÇΓöÇΓöÇ
┬½      ΓööΓöÇΓöÇΓöÇΓöÿ  Γöé    Γöé  ΓööΓöÇΓöÇΓöÇΓöÿ  Γöé    Γöé  ΓöîΓöÇΓö┤ΓöÇΓöÉ     ΓööΓöÇΓöÇΓöÇΓöÿ          
┬½ q_9: ΓöÇΓöÇΓöÇΓöÇΓöÇΓöÇΓöÇΓö╝ΓöÇΓöÇΓöÇΓöÇΓö╝ΓöÇΓöÇΓöÇΓöÇΓûáΓöÇΓöÇΓöÇΓöÇΓö╝ΓöÇΓöÇΓöÇΓöÇΓö╝ΓöÇΓöÇΓöñ X Γö£ΓöÇΓöÇΓûáΓöÇΓöÇΓöÇΓöÇΓöÇΓöÇΓöÇΓöÇΓöÇΓöÇΓöÇΓöÇΓöÇΓöÇΓöÇΓöÇΓöÇ
┬½           ΓöîΓöÇΓö┤ΓöÇΓöÉ  Γöé  ΓöîΓöÇΓö┤ΓöÇΓöÉΓöîΓöÇΓö┤ΓöÇΓöÉ  Γöé  ΓööΓöÇΓöÇΓöÇΓöÿ  Γöé                 
┬½q_10: ΓöÇΓöÇΓöÇΓöÇΓöÇΓöñ X Γö£ΓöÇΓöÇΓö╝ΓöÇΓöÇΓöñ X Γö£Γöñ X Γö£ΓöÇΓöÇΓö╝ΓöÇΓöÇΓöÇΓöÇΓöÇΓöÇΓöÇΓöÇΓöÇΓö╝ΓöÇΓöÇΓöÇΓöÇΓöÇΓöÇΓöÇΓöÇΓöÇΓöÇΓöÇΓöÇΓöÇΓöÇΓöÇΓöÇΓöÇ
┬½           ΓööΓöÇΓöÇΓöÇΓöÿ  Γöé  ΓööΓöÇΓöÇΓöÇΓöÿΓööΓöÇΓöÇΓöÇΓöÿ  Γöé         Γöé                 
┬½q_11: ΓöÇΓöÇΓöÇΓöÇΓöÇΓöÇΓöÇΓöÇΓöÇΓöÇΓöÇΓöÇΓö╝ΓöÇΓöÇΓöÇΓöÇΓûáΓöÇΓöÇΓöÇΓöÇΓöÇΓöÇΓöÇΓöÇΓöÇΓö╝ΓöÇΓöÇΓöÇΓöÇΓöÇΓöÇΓöÇΓöÇΓöÇΓö╝ΓöÇΓöÇΓöÇΓöÇΓöÇΓöÇΓöÇΓöÇΓöÇΓöÇΓöÇΓöÇΓöÇΓöÇΓöÇΓöÇΓöÇ
┬½                ΓöîΓöÇΓö┤ΓöÇΓöÉΓöîΓöÇΓö┤ΓöÇΓöÉ       Γöé       ΓöîΓöÇΓö┤ΓöÇΓöÉ               
┬½q_12: ΓöÇΓöÇΓöÇΓöÇΓöÇΓöÇΓöÇΓöÇΓöÇΓöÇΓöñ X Γö£Γöñ X Γö£ΓöÇΓöÇΓöÇΓöÇΓöÇΓöÇΓöÇΓö╝ΓöÇΓöÇΓöÇΓöÇΓöÇΓöÇΓöÇΓöñ X Γö£ΓöÇΓöÇΓöÇΓöÇΓöÇΓöÇΓöÇΓöÇΓöÇΓöÇΓöÇΓöÇΓöÇΓöÇΓöÇ
┬½                ΓööΓöÇΓöÇΓöÇΓöÿΓööΓöÇΓöÇΓöÇΓöÿ     ΓöîΓöÇΓö┤ΓöÇΓöÉ     ΓööΓöÇΓöÇΓöÇΓöÿ               
┬½q_13: ΓöÇΓöÇΓöÇΓöÇΓöÇΓöÇΓöÇΓöÇΓöÇΓöÇΓöÇΓöÇΓöÇΓöÇΓöÇΓöÇΓöÇΓöÇΓöÇΓöÇΓöÇΓöÇΓöÇΓöÇΓöÇΓöñ X Γö£ΓöÇΓöÇΓöÇΓöÇΓöÇΓöÇΓöÇΓöÇΓöÇΓöÇΓöÇΓöÇΓöÇΓöÇΓöÇΓöÇΓöÇΓöÇΓöÇΓöÇΓöÇΓöÇΓöÇΓöÇΓöÇ
┬½                               ΓööΓöÇΓöÇΓöÇΓöÿ                         
platform generated: custom
number of physical qubits:  20
Solving for time step:  11
